******************************************************************************
                  MSP430 Linker PC v20.2.1                     
******************************************************************************
>> Linked Mon Apr  5 21:25:43 2021

OUTPUT FILE NAME:   <ecen4620_firmware.out>
ENTRY POINT SYMBOL: "_c_int00_noargs"  address: 00004776


MEMORY CONFIGURATION

         name            origin    length      used     unused   attr    fill
----------------------  --------  ---------  --------  --------  ----  --------
  SFR                   00000000   00000010  00000000  00000010  RWIX
  PERIPHERALS_8BIT      00000010   000000f0  00000000  000000f0  RWIX
  PERIPHERALS_16BIT     00000100   00000100  00000000  00000100  RWIX
  INFOD                 00001800   00000080  00000000  00000080  RWIX
  INFOC                 00001880   00000080  00000000  00000080  RWIX
  INFOB                 00001900   00000080  00000000  00000080  RWIX
  INFOA                 00001980   00000080  00000000  00000080  RWIX
  USBRAM                00001c00   00000800  00000000  00000800  RWIX
  RAM                   00002400   00002000  000018a7  00000759  RWIX
  FLASH                 00004400   0000bb80  000017bc  0000a3c4  RWIX
  INT00                 0000ff80   00000002  00000000  00000002  RWIX
  INT01                 0000ff82   00000002  00000000  00000002  RWIX
  INT02                 0000ff84   00000002  00000000  00000002  RWIX
  INT03                 0000ff86   00000002  00000000  00000002  RWIX
  INT04                 0000ff88   00000002  00000000  00000002  RWIX
  INT05                 0000ff8a   00000002  00000000  00000002  RWIX
  INT06                 0000ff8c   00000002  00000000  00000002  RWIX
  INT07                 0000ff8e   00000002  00000000  00000002  RWIX
  INT08                 0000ff90   00000002  00000000  00000002  RWIX
  INT09                 0000ff92   00000002  00000000  00000002  RWIX
  INT10                 0000ff94   00000002  00000000  00000002  RWIX
  INT11                 0000ff96   00000002  00000000  00000002  RWIX
  INT12                 0000ff98   00000002  00000000  00000002  RWIX
  INT13                 0000ff9a   00000002  00000000  00000002  RWIX
  INT14                 0000ff9c   00000002  00000000  00000002  RWIX
  INT15                 0000ff9e   00000002  00000000  00000002  RWIX
  INT16                 0000ffa0   00000002  00000000  00000002  RWIX
  INT17                 0000ffa2   00000002  00000000  00000002  RWIX
  INT18                 0000ffa4   00000002  00000000  00000002  RWIX
  INT19                 0000ffa6   00000002  00000000  00000002  RWIX
  INT20                 0000ffa8   00000002  00000000  00000002  RWIX
  INT21                 0000ffaa   00000002  00000000  00000002  RWIX
  INT22                 0000ffac   00000002  00000000  00000002  RWIX
  INT23                 0000ffae   00000002  00000000  00000002  RWIX
  INT24                 0000ffb0   00000002  00000000  00000002  RWIX
  INT25                 0000ffb2   00000002  00000000  00000002  RWIX
  INT26                 0000ffb4   00000002  00000000  00000002  RWIX
  INT27                 0000ffb6   00000002  00000000  00000002  RWIX
  INT28                 0000ffb8   00000002  00000000  00000002  RWIX
  INT29                 0000ffba   00000002  00000000  00000002  RWIX
  INT30                 0000ffbc   00000002  00000000  00000002  RWIX
  INT31                 0000ffbe   00000002  00000000  00000002  RWIX
  INT32                 0000ffc0   00000002  00000000  00000002  RWIX
  INT33                 0000ffc2   00000002  00000000  00000002  RWIX
  INT34                 0000ffc4   00000002  00000000  00000002  RWIX
  INT35                 0000ffc6   00000002  00000000  00000002  RWIX
  INT36                 0000ffc8   00000002  00000000  00000002  RWIX
  INT37                 0000ffca   00000002  00000000  00000002  RWIX
  INT38                 0000ffcc   00000002  00000000  00000002  RWIX
  INT39                 0000ffce   00000002  00000000  00000002  RWIX
  INT40                 0000ffd0   00000002  00000000  00000002  RWIX
  INT41                 0000ffd2   00000002  00000002  00000000  RWIX
  INT42                 0000ffd4   00000002  00000002  00000000  RWIX
  INT43                 0000ffd6   00000002  00000002  00000000  RWIX
  INT44                 0000ffd8   00000002  00000002  00000000  RWIX
  INT45                 0000ffda   00000002  00000002  00000000  RWIX
  INT46                 0000ffdc   00000002  00000002  00000000  RWIX
  INT47                 0000ffde   00000002  00000002  00000000  RWIX
  INT48                 0000ffe0   00000002  00000002  00000000  RWIX
  INT49                 0000ffe2   00000002  00000002  00000000  RWIX
  INT50                 0000ffe4   00000002  00000002  00000000  RWIX
  INT51                 0000ffe6   00000002  00000002  00000000  RWIX
  INT52                 0000ffe8   00000002  00000002  00000000  RWIX
  INT53                 0000ffea   00000002  00000002  00000000  RWIX
  INT54                 0000ffec   00000002  00000002  00000000  RWIX
  INT55                 0000ffee   00000002  00000002  00000000  RWIX
  INT56                 0000fff0   00000002  00000002  00000000  RWIX
  INT57                 0000fff2   00000002  00000002  00000000  RWIX
  INT58                 0000fff4   00000002  00000002  00000000  RWIX
  INT59                 0000fff6   00000002  00000002  00000000  RWIX
  INT60                 0000fff8   00000002  00000002  00000000  RWIX
  INT61                 0000fffa   00000002  00000002  00000000  RWIX
  INT62                 0000fffc   00000002  00000002  00000000  RWIX
  RESET                 0000fffe   00000002  00000002  00000000  RWIX
  FLASH2                00010000   000143f8  0000795e  0000ca9a  RWIX


SECTION ALLOCATION MAP

 output                                  attributes/
section   page    origin      length       input sections
--------  ----  ----------  ----------   ----------------
.bss       0    00002400    00001661     UNINITIALIZED
                  00002400    00000200     control_motors.obj (.bss:phi_align_task_stack_buffer$17)
                  00002600    00000200     control_motors.obj (.bss:phi_turnsteps_task_stack_buffer$13)
                  00002800    00000200     interface.obj (.bss:rx_task_stack_buffer$3)
                  00002a00    00000200     check_alignment.obj (.bss:task_stack_buffer)
                  00002c00    00000200     control_motors.obj (.bss:theta_align_task_stack_buffer$15)
                  00002e00    00000200     control_motors.obj (.bss:theta_turnsteps_task_stack_buffer$11)
                  00003000    00000200     main.obj (.bss:uxIdleTaskStack$2)
                  00003200    00000100     interface.obj (.bss:pending_cmds)
                  00003300    00000084     interface.obj (.bss:done_str$15)
                  00003384    00000062     control_motors.obj (.bss:phi_align_task_task_buffer$18)
                  000033e6    00000062     control_motors.obj (.bss:phi_turnsteps_task_task_buffer$14)
                  00003448    00000062     interface.obj (.bss:rx_task_task_buffer$4)
                  000034aa    00000062     check_alignment.obj (.bss:task_task_buffer)
                  0000350c    00000062     control_motors.obj (.bss:theta_align_task_task_buffer$16)
                  0000356e    00000062     control_motors.obj (.bss:theta_turnsteps_task_task_buffer$12)
                  000035d0    00000062     main.obj (.bss:xIdleTaskTCB$1)
                  00003632    00000040     interface.obj (.bss:args_mem$7)
                  00003672    00000040     interface.obj (.bss:rx_buffer$6)
                  000036b2    00000038     check_alignment.obj (.bss:item_ownership_buffer)
                  000036ea    00000038     control_motors.obj (.bss:phi_align_command_buffer$10)
                  00003722    00000038     control_motors.obj (.bss:phi_ownership_buffer$2)
                  0000375a    00000038     control_motors.obj (.bss:phi_turnsteps_command_buffer$6)
                  00003792    00000038     interface.obj (.bss:rx_available_buffer$1)
                  000037ca    00000038     control_motors.obj (.bss:theta_align_command_buffer$8)
                  00003802    00000038     control_motors.obj (.bss:theta_ownership_buffer$1)
                  0000383a    00000038     control_motors.obj (.bss:theta_turnsteps_command_buffer$4)
                  00003872    00000038     interface.obj (.bss:tx_available_buffer$2)
                  000038aa    00000030     tasks.obj (.bss:pxReadyTasksLists)
                  000038da    00000022     (.common:abramSerialStringDescriptor)
                  000038fc    0000001a     (.common:CdcReadCtrl)
                  00003916    00000010     control_motors.obj (.bss:phi_turnsteps_command_storage_buffer$5)
                  00003926    00000010     control_motors.obj (.bss:theta_turnsteps_command_storage_buffer$3)
                  00003936    00000010     usb.obj (.bss)
                  00003946    00000010     tasks.obj (.bss:xDelayedTaskList1)
                  00003956    00000010     tasks.obj (.bss:xDelayedTaskList2)
                  00003966    00000010     tasks.obj (.bss:xPendingReadyList)
                  00003976    00000010     tasks.obj (.bss:xSuspendedTaskList)
                  00003986    00000010     tasks.obj (.bss:xTasksWaitingTermination)
                  00003996    0000000c     error.obj (.bss:info$1)
                  000039a2    0000000c     control_motors.obj (.bss:phi_align_command_storage_buffer$9)
                  000039ae    0000000c     interface.obj (.bss:rv_msg$13)
                  000039ba    0000000c     interface.obj (.bss:rv_msg$14)
                  000039c6    0000000c     pwm.obj (.bss:taHandler)
                  000039d2    0000000c     pwm.obj (.bss:ta_const_phase)
                  000039de    0000000c     pwm.obj (.bss:ta_down_phase)
                  000039ea    0000000c     pwm.obj (.bss:ta_up_phase)
                  000039f6    0000000c     control_motors.obj (.bss:theta_align_command_storage_buffer$7)
                  00003a02    0000000c     (.common:CdcWriteCtrl)
                  00003a0e    0000000a     check_alignment.obj (.bss:cmd_struct)
                  00003a18    00000008     UsbCdc.obj (.bss:CdcControl)
                  00003a20    00000008     tasks.obj (.bss)
                  00003a28    00000008     (.common:abUsbRequestIncomingData)
                  00003a30    00000008     (.common:abUsbRequestReturnData)
                  00003a38    00000006     interface.obj (.bss:id_msg$11)
                  00003a3e    00000006     interface.obj (.bss:rv_msg$12)
                  00003a44    00000006     pwm.obj (.bss:ta_target_period)
                  00003a4a    00000004     pwm.obj (.bss:ta_gradual)
                  00003a4e    00000004     pwm.obj (.bss:ta_output)
                  00003a52    00000004     (.common:USB_RX_memcpy)
                  00003a56    00000004     (.common:USB_TX_memcpy)
                  00003a5a    00000002     (.common:wBytesRemainingOnIEP0)
                  00003a5c    00000002     (.common:wBytesRemainingOnOEP0)
                  00003a5e    00000002     (.common:wUsbEventMask)
                  00003a60    00000001     (.common:bStatusAction)

.data      0    00003a62    000001a6     UNINITIALIZED
                  00003a62    00000080     error.obj (.data:to_write$2)
                  00003ae2    0000002c     control_motors.obj (.data:Phi)
                  00003b0e    0000002c     control_motors.obj (.data:Theta)
                  00003b3a    00000028     control_motors.obj (.data)
                  00003b62    00000020     io_interrupts.obj (.data:p1_handlers)
                  00003b82    00000020     io_interrupts.obj (.data:p2_handlers)
                  00003ba2    0000001e     tasks.obj (.data)
                  00003bc0    00000014     control_motors.obj (.data:orientation_info)
                  00003bd4    00000012     check_alignment.obj (.data)
                  00003be6    0000000c     interface.obj (.data)
                  00003bf2    00000008     ucs.obj (.data)
                  00003bfa    00000008     usb.obj (.data)
                  00003c02    00000004     interface.obj (.data:pending_cmds_empty)
                  00003c06    00000002     port.obj (.data)

.stack     0    00004360    000000a0     UNINITIALIZED
                  00004360    00000004     rts430x_lc_rd_eabi.lib : boot.c.obj (.stack)
                  00004364    0000009c     --HOLE--

.text:_isr 
*          0    00004400    000003aa     
                  00004400    00000150     UsbIsr.obj (.text:_isr:iUsbInterruptHandler)
                  00004550    00000070     pwm.obj (.text:_isr:ta0IRQHandler)
                  000045c0    00000070     pwm.obj (.text:_isr:ta1IRQHandler)
                  00004630    00000070     pwm.obj (.text:_isr:ta2IRQHandler)
                  000046a0    0000004a     main.obj (.text:_isr:UNMI_ISR)
                  000046ea    00000038     io_interrupts.obj (.text:_isr:p1_IRQHandler)
                  00004722    00000038     io_interrupts.obj (.text:_isr:p2_IRQHandler)
                  0000475a    0000001c     check_alignment.obj (.text:_isr:ADC12_A_IRQHandler)
                  00004776    0000001c     rts430x_lc_rd_eabi.lib : boot.c.obj (.text:_isr:_c_int00_noargs)
                  00004792    00000010     port.obj (.text:_isr:vTickISREntry)
                  000047a2    00000008     rts430x_lc_rd_eabi.lib : isr_trap.asm.obj (.text:_isr:__TI_ISR_TRAP)

.cinit     0    00005b44    00000078     
                  00005b44    00000055     (.cinit..data.load) [load image, compression = lzss]
                  00005b99    00000001     --HOLE-- [fill = 0]
                  00005b9a    0000000c     (__TI_handler_table)
                  00005ba6    00000006     (.cinit..bss.load) [load image, compression = zero_init]
                  00005bac    00000010     (__TI_cinit_table)

.binit     0    00004400    00000000     

.init_array 
*          0    00004400    00000000     UNINITIALIZED

.const     0    000047aa    0000139a     
                  000047aa    000003b4     timerb_hal.obj (.const:.string)
                  00004b5e    0000033c     queue.obj (.const:.string)
                  00004e9a    000002f8     control_motors.obj (.const:.string)
                  00005192    000002ee     tasks.obj (.const:.string)
                  00005480    000001c4     interface.obj (.const:.string)
                  00005644    00000142     check_alignment.obj (.const:.string)
                  00005786    0000010a     descriptors.obj (.const:tUsbRequestList)
                  00005890    00000092     descriptors.obj (.const:.string:abromStringDescriptor)
                  00005922    00000052     pwm.obj (.const:.string)
                  00005974    00000043     descriptors.obj (.const:abromConfigurationDescriptorGroup)
                  000059b7    00000001     --HOLE-- [fill = 0]
                  000059b8    0000002c     timera_hal.obj (.const:.string)
                  000059e4    00000022     io_interrupts.obj (.const:.string)
                  00005a06    00000022     usb.obj (.const:.string)
                  00005a28    0000001c     gpio.obj (.const:GPIO_PORT_TO_BASE)
                  00005a44    00000012     descriptors.obj (.const:.string:abromDeviceDescriptor)
                  00005a56    00000010     main.obj (.const:.string)
                  00005a66    00000010     descriptors.obj (.const:stUsbHandle)
                  00005a76    0000000e     control_motors.obj (.const:$P$T0$19)
                  00005a84    0000000e     check_alignment.obj (.const:$P$T0$1)
                  00005a92    0000000e     led_hil.obj (.const:$P$T0$1)
                  00005aa0    0000000e     error.obj (.const:$P$T0$3)
                  00005aae    0000000e     interface.obj (.const:$P$T0$5)
                  00005abc    0000000e     check_alignment.obj (.const:$P$T1$2)
                  00005aca    0000000e     port.obj (.const:$P$T1$2)
                  00005ad8    0000000e     check_alignment.obj (.const:$P$T2$3)
                  00005ae6    0000000e     pwm.obj (.const:$P$T2$3)
                  00005af4    0000000c     port.obj (.const:$P$T0$1)
                  00005b00    0000000a     usbdma.obj (.const:$P$T0$1)
                  00005b0a    0000000a     pwm.obj (.const:$P$T1$2)
                  00005b14    00000008     pwm.obj (.const:$P$T0$1)
                  00005b1c    00000008     control_motors.obj (.const:$P$T1$20)
                  00005b24    00000008     control_motors.obj (.const:$P$T2$21)
                  00005b2c    00000006     interface.obj (.const:.string:$P$T1$10)
                  00005b32    00000006     interface.obj (.const:.string:nack_msg$9)
                  00005b38    00000005     check_alignment.obj (.const:$P$T3$4)
                  00005b3d    00000001     --HOLE-- [fill = 0]
                  00005b3e    00000003     interface.obj (.const:.string:ack_msg$8)
                  00005b41    00000001     --HOLE-- [fill = 0]
                  00005b42    00000002     tasks.obj (.const)

RTC        0    0000ffd2    00000002     
                  0000ffd2    00000002     rts430x_lc_rd_eabi.lib : int41.asm.obj (.int41)

PORT2      0    0000ffd4    00000002     
                  0000ffd4    00000002     io_interrupts.obj (.int42)

TIMER2_A1 
*          0    0000ffd6    00000002     
                  0000ffd6    00000002     rts430x_lc_rd_eabi.lib : int43.asm.obj (.int43)

TIMER2_A0 
*          0    0000ffd8    00000002     
                  0000ffd8    00000002     pwm.obj (.int44)

USCI_B1    0    0000ffda    00000002     
                  0000ffda    00000002     rts430x_lc_rd_eabi.lib : int45.asm.obj (.int45)

USCI_A1    0    0000ffdc    00000002     
                  0000ffdc    00000002     rts430x_lc_rd_eabi.lib : int46.asm.obj (.int46)

PORT1      0    0000ffde    00000002     
                  0000ffde    00000002     io_interrupts.obj (.int47)

TIMER1_A1 
*          0    0000ffe0    00000002     
                  0000ffe0    00000002     rts430x_lc_rd_eabi.lib : int48.asm.obj (.int48)

TIMER1_A0 
*          0    0000ffe2    00000002     
                  0000ffe2    00000002     pwm.obj (.int49)

DMA        0    0000ffe4    00000002     
                  0000ffe4    00000002     rts430x_lc_rd_eabi.lib : int50.asm.obj (.int50)

USB_UBM    0    0000ffe6    00000002     
                  0000ffe6    00000002     UsbIsr.obj (.int51)

TIMER0_A1 
*          0    0000ffe8    00000002     
                  0000ffe8    00000002     rts430x_lc_rd_eabi.lib : int52.asm.obj (.int52)

TIMER0_A0 
*          0    0000ffea    00000002     
                  0000ffea    00000002     pwm.obj (.int53)

ADC12      0    0000ffec    00000002     
                  0000ffec    00000002     check_alignment.obj (.int54)

USCI_B0    0    0000ffee    00000002     
                  0000ffee    00000002     rts430x_lc_rd_eabi.lib : int55.asm.obj (.int55)

USCI_A0    0    0000fff0    00000002     
                  0000fff0    00000002     rts430x_lc_rd_eabi.lib : int56.asm.obj (.int56)

WDT        0    0000fff2    00000002     
                  0000fff2    00000002     rts430x_lc_rd_eabi.lib : int57.asm.obj (.int57)

TIMER0_B1 
*          0    0000fff4    00000002     
                  0000fff4    00000002     rts430x_lc_rd_eabi.lib : int58.asm.obj (.int58)

TIMER0_B0 
*          0    0000fff6    00000002     
                  0000fff6    00000002     port.obj (.int59)

COMP_B     0    0000fff8    00000002     
                  0000fff8    00000002     rts430x_lc_rd_eabi.lib : int60.asm.obj (.int60)

UNMI       0    0000fffa    00000002     
                  0000fffa    00000002     main.obj (.int61)

SYSNMI     0    0000fffc    00000002     
                  0000fffc    00000002     rts430x_lc_rd_eabi.lib : int62.asm.obj (.int62)

.reset     0    0000fffe    00000002     
                  0000fffe    00000002     rts430x_lc_rd_eabi.lib : boot.c.obj (.reset)

.text      0    00010000    0000795e     
                  00010000    000008e4     interface.obj (.text:_parseAndExecuteCmd)
                  000108e4    000005c8     timerb_hal.obj (.text:TB_unitTest)
                  00010eac    000004b8     control_motors.obj (.text:CM_init)
                  00011364    00000478     UsbCdc.obj (.text:USBCDC_receiveData)
                  000117dc    000002de     UsbCdc.obj (.text:CdcToHostFromBuffer)
                  00011aba    0000025c     control_motors.obj (.text:_alignTask)
                  00011d16    00000246     UsbCdc.obj (.text:CdcToBufferFromHost)
                  00011f5c    00000244     pwm.obj (.text:PWM_configure)
                  000121a0    000001f0     usb.obj (.text:USB_reset)
                  00012390    000001da     control_motors.obj (.text:_turnMotorStepsTask)
                  0001256a    000001b6     queue.obj (.text:xQueueGenericSend)
                  00012720    0000019a     queue.obj (.text:xQueueReceive)
                  000128ba    0000018c     queue.obj (.text:xQueueSemaphoreTake)
                  00012a46    00000184     timerb_hal.obj (.text:TB_configureCctl)
                  00012bca    0000016c     timera_hal.obj (.text:TA_configureCctl)
                  00012d36    0000016a     tasks.obj (.text:xTaskGenericNotify)
                  00012ea0    00000156     pwm.obj (.text:PWM_start)
                  00012ff6    00000144     interface.obj (.text:IF_init)
                  0001313a    00000140     usb.obj (.text:USB_enable)
                  0001327a    00000140     check_alignment.obj (.text:_initProbe)
                  000133ba    0000013a     pwm.obj (.text:_gradualFreqChange)
                  000134f4    00000110     ucs.obj (.text:privateUCSSourceClockFromDCO)
                  00013604    0000010a     UsbCdc.obj (.text:CopyUsbToBuff)
                  0001370e    00000106     tasks.obj (.text:xTaskIncrementTick)
                  00013814    000000fe     usb.obj (.text:USB_InitSerialStringDescriptor)
                  00013912    000000fa     check_alignment.obj (.text:_initTest)
                  00013a0c    000000fa     tasks.obj (.text:ulTaskGenericNotifyTake)
                  00013b06    000000f6     tasks.obj (.text:xTaskResumeAll)
                  00013bfc    000000ec     UsbCdc.obj (.text:USBCDC_getInterfaceStatus)
                  00013ce8    000000ec     usb.obj (.text:USB_determineFreq)
                  00013dd4    000000ec     tasks.obj (.text:prvInitialiseNewTask)
                  00013ec0    000000e6     ucs.obj (.text:privateUCSComputeCLKFrequency)
                  00013fa6    000000e2     ucs.obj (.text:UCS_initFLL)
                  00014088    000000e0     io_hal.obj (.text:IO_configurePin)
                  00014168    000000e0     pmm.obj (.text:PMM_setVCoreUp)
                  00014248    000000d8     control_motors.obj (.text:CM_getOrientationInfo)
                  00014320    000000d8     tasks.obj (.text:vTaskGenericNotifyGiveFromISR)
                  000143f8    000000d6     interface.obj (.text:_roinfo)
                  000144ce    000000ce     interface.obj (.text:_rassert)
                  0001459c    000000ca     UsbCdc.obj (.text:USBCDC_getBytesInUSBBuffer)
                  00014666    000000c0     check_alignment.obj (.text:_measureSensorTask)
                  00014726    000000ba     usb.obj (.text:USB_determineXT2Freq)
                  000147e0    000000ba     usb.obj (.text:USB_init)
                  0001489a    000000b6     queue.obj (.text:xQueueGenericReset)
                  00014950    000000b4     tasks.obj (.text:xTaskCreateStatic)
                  00014a04    000000b2     UsbCdc.obj (.text:usbGetLineCoding)
                  00014ab6    000000b0     interface.obj (.text:_rfreq)
                  00014b66    000000ae     queue.obj (.text:xQueueGiveFromISR)
                  00014c14    000000ac     queue.obj (.text:prvUnlockQueue)
                  00014cc0    000000aa     tasks.obj (.text:prvAddNewTaskToReadyList)
                  00014d6a    000000a8     usb.obj (.text:usbGetEndpointStatus)
                  00014e12    000000a6     ucs.obj (.text:UCS_initClockSignal)
                  00014eb8    000000a6     UsbCdc.obj (.text:USBCDC_sendData)
                  00014f5e    000000a6     portext.obj (.text)
                  00015004    000000a4     queue.obj (.text:xQueueGenericCreateStatic)
                  000150a8    000000a2     pmm.obj (.text:PMM_setVCoreDown)
                  0001514a    000000a2     tasks.obj (.text:vTaskStartScheduler)
                  000151ec    0000009e     error.obj (.text:_updateLastAssertInfo)
                  0001528a    0000009c     usb.obj (.text:usbClearEndpointFeature)
                  00015326    0000009a     error.obj (.text:_assert_failure)
                  000153c0    0000009a     tasks.obj (.text:xTaskCheckForTimeOut)
                  0001545a    00000096     control_motors.obj (.text:CM_setAlignedInfo)
                  000154f0    00000090     usb.obj (.text:usbDecodeAndProcessUsbRequest)
                  00015580    0000008e     usb.obj (.text:usbSendNextPacketOnIEP0)
                  0001560e    0000008e     tasks.obj (.text:xTaskRemoveFromEventList)
                  0001569c    00000088     UsbCdc.obj (.text:Handler_SetLineCoding)
                  00015724    00000088     tasks.obj (.text:vTaskSwitchContext)
                  000157ac    00000086     UsbIsr.obj (.text:PWRVBUSoffHandler)
                  00015832    00000086     interface.obj (.text:_done)
                  000158b8    00000084     pwm.obj (.text:PWM_stop)
                  0001593c    00000082     dma.obj (.text:DMA_init)
                  000159be    00000082     interface.obj (.text:_rsensor)
                  00015a40    00000080     queue.obj (.text:prvCopyDataToQueue)
                  00015ac0    0000007e     error.obj (.text:ERROR_lastAssertInfo)
                  00015b3e    00000078     interface.obj (.text:_storePendingCmd)
                  00015bb6    00000076     rts430x_lc_rd_eabi.lib : copy_decompress_lzss.c.obj (.text:decompress:lzss:__TI_decompress_lzss)
                  00015c2c    00000074     UsbIsr.obj (.text:PWRVBUSonHandler)
                  00015ca0    00000074     timerb_hal.obj (.text:TB_configureCtl)
                  00015d14    00000074     main.obj (.text:init)
                  00015d88    00000074     tasks.obj (.text:prvAddCurrentTaskToDelayedList)
                  00015dfc    00000074     port.obj (.text:vPortSetupTimerInterrupt)
                  00015e70    0000006e     usbConstructs.obj (.text:USBCDC_sendDataInBackground)
                  00015ede    0000006e     interface.obj (.text:_rxTask)
                  00015f4c    0000006a     check_alignment.obj (.text:_laserControlTask)
                  00015fb6    00000066     control_motors.obj (.text:_startTurnSteps)
                  0001601c    00000064     usbdma.obj (.text:memcpyDMA)
                  00016080    00000060     usb.obj (.text:usbGetStringDescriptor)
                  000160e0    00000060     usb.obj (.text:usbReceiveNextPacketOnOEP0)
                  00016140    0000005c     usbdma.obj (.text:USB_initMemcpy)
                  0001619c    0000005c     tasks.obj (.text:prvInitialiseTaskLists)
                  000161f8    00000058     control_motors.obj (.text:CM_setFreq)
                  00016250    00000058     UsbIsr.obj (.text:SetupPacketInterruptHandler)
                  000162a8    00000058     rts430x_lc_rd_eabi.lib : div32u.asm.obj (.text)
                  00016300    00000056     io_interrupts.obj (.text:IO_attachInterrupt)
                  00016356    00000056     usbConstructs.obj (.text:USBCDC_receiveDataInBuffer)
                  000163ac    00000054     rts430x_lc_rd_eabi.lib : autoinit.c.obj (.text:__TI_auto_init_nobinit_nopinit_hold_wdt:__TI_auto_init_nobinit_nopinit_hold_wdt)
                  00016400    00000052     check_alignment.obj (.text:CA_init)
                  00016452    00000052     check_alignment.obj (.text:CA_writeLaser)
                  000164a4    00000052     pmm.obj (.text:PMM_setVCore)
                  000164f6    00000052     interface.obj (.text:_iden)
                  00016548    00000052     tasks.obj (.text:prvCheckTasksWaitingTermination)
                  0001659a    00000052     usb.obj (.text:usbSetEndpointFeature)
                  000165ec    00000050     adc12_a.obj (.text:ADC12_A_init)
                  0001663c    00000050     timera_hal.obj (.text:TA_configureCtl)
                  0001668c    00000050     tlv.obj (.text:TLV_getInfo)
                  000166dc    00000050     control_motors.obj (.text:_startTurn)
                  0001672c    0000004e     timera_hal.obj (.text:TA_reset)
                  0001677a    0000004e     timerb_hal.obj (.text:TB_reset)
                  000167c8    0000004c     interface.obj (.text:_toCaps)
                  00016814    0000004a     check_alignment.obj (.text:CA_measureSensor)
                  0001685e    0000004a     control_motors.obj (.text:CM_turnMotorSteps)
                  000168a8    00000044     UsbIsr.obj (.text:OEP0InterruptHandler)
                  000168ec    00000042     usb.obj (.text:USB_lookUpPll)
                  0001692e    00000042     control_motors.obj (.text:_disableMotor)
                  00016970    00000040     adc12_a.obj (.text:ADC12_A_disableInterrupt)
                  000169b0    00000040     adc12_a.obj (.text:ADC12_A_enableInterrupt)
                  000169f0    00000040     UsbCdc.obj (.text:CdcResetData)
                  00016a30    00000040     control_motors.obj (.text:_enableMotor)
                  00016a70    00000040     interface.obj (.text:_strEq)
                  00016ab0    00000040     rts430x_lc_rd_eabi.lib : div32s.asm.obj (.text)
                  00016af0    00000040     list.obj (.text:vListInsert)
                  00016b30    0000003e     hal.obj (.text:USBHAL_initClocks)
                  00016b6e    0000003e     usb.obj (.text:USB_suspend)
                  00016bac    0000003e     rts430x_lc_rd_eabi.lib : lsl32.asm.obj (.text:l_lsl_const)
                  00016bea    0000003e                            : lsr32.asm.obj (.text:l_lsr_const)
                  00016c28    0000003c     control_motors.obj (.text:CM_getFreq)
                  00016c64    0000003a     ucs.obj (.text:UCS_turnOnXT2WithTimeout)
                  00016c9e    0000003a     usb.obj (.text:USB_setup)
                  00016cd8    0000003a     list.obj (.text:uxListRemove)
                  00016d12    00000038     usb.obj (.text:USB_getConnectionInformation)
                  00016d4a    00000038     interface.obj (.text:_strCpy)
                  00016d82    00000036     control_motors.obj (.text:CM_align)
                  00016db8    00000036     ucs.obj (.text:UCS_initFLLSettle)
                  00016dee    00000036     tasks.obj (.text:vTaskPlaceOnEventList)
                  00016e24    00000034     interface.obj (.text:_invbsl)
                  00016e58    00000034     queue.obj (.text:prvIsQueueFull)
                  00016e8c    00000034     usb.obj (.text:usbGetDeviceStatus)
                  00016ec0    00000032     adc12_a.obj (.text:ADC12_A_startConversion)
                  00016ef2    00000032     led_hil.obj (.text:LEDI_init)
                  00016f24    00000032     interface.obj (.text:_strFind)
                  00016f56    00000032     queue.obj (.text:prvCopyDataFromQueue)
                  00016f88    00000032     queue.obj (.text:prvIsQueueEmpty)
                  00016fba    00000030     dma.obj (.text:DMA_setDstAddress)
                  00016fea    00000030     flashctl.obj (.text:FlashCtl_write8)
                  0001701a    0000002e     dma.obj (.text:DMA_setSrcAddress)
                  00017048    0000002e     usb.obj (.text:USB_disable)
                  00017076    0000002e     usb.obj (.text:usbSetConfiguration)
                  000170a4    0000002c     rts430x_lc_rd_eabi.lib : div16s.asm.obj (.text)
                  000170d0    0000002c     usb.obj (.text:usbSendDataPacketOnEP0)
                  000170fc    00000028     check_alignment.obj (.text:CA_idProbe)
                  00017124    00000028     gpio.obj (.text:GPIO_setAsPeripheralModuleFunctionOutputPin)
                  0001714c    00000028     interface.obj (.text:_sendData)
                  00017174    00000028     usb.obj (.text:usbDisableInEndpointInterrupt)
                  0001719c    00000028     usb.obj (.text:usbDisableOutEndpointInterrupt)
                  000171c4    00000028     list.obj (.text:vListInitialise)
                  000171ec    00000026     adc12_a.obj (.text:ADC12_A_configureMemory)
                  00017212    00000026     adc12_a.obj (.text:ADC12_A_setupSamplingTimer)
                  00017238    00000026     list.obj (.text:vListInsertEnd)
                  0001725e    00000024     flashctl.obj (.text:FlashCtl_eraseSegment)
                  00017282    00000024     UsbIsr.obj (.text:IEP0InterruptHandler)
                  000172a6    00000024     interface.obj (.text:_rmPendingCmd)
                  000172ca    00000024     control_motors.obj (.text:_storeOrientationInfo)
                  000172ee    00000024     rts430x_lc_rd_eabi.lib : copy_zero_init.c.obj (.text:decompress:ZI:__TI_zero_init)
                  00017312    00000024     port.obj (.text:pxPortInitialiseStack)
                  00017336    00000024     rts430x_lc_rd_eabi.lib : mult32_f5hw.asm.obj (.text)
                  0001735a    00000024     usb.obj (.text:usbGetInterface)
                  0001737e    00000024     usb.obj (.text:usbGetInterfaceStatus)
                  000173a2    00000024     usb.obj (.text:usbSetAddress)
                  000173c6    00000022     io_hal.obj (.text:IO_reset)
                  000173e8    00000022     usb.obj (.text:USB_connect)
                  0001740a    00000022     usbdma.obj (.text:memcpyV)
                  0001742c    00000022     tasks.obj (.text:prvResetNextTaskUnblockTime)
                  0001744e    00000020     wdt_a.obj (.text:WDT_A_hold)
                  0001746e    00000020     main.obj (.text:main)
                  0001748e    00000020     queue.obj (.text:prvInitialiseNewQueue)
                  000174ae    0000001e     ucs.obj (.text:UCS_getACLK)
                  000174cc    0000001e     usb.obj (.text:USB_resume)
                  000174ea    0000001e     control_motors.obj (.text:_retrieveOrientationInfo)
                  00017508    0000001c     usb.obj (.text:usbClearDeviceFeature)
                  00017524    0000001c     usb.obj (.text:usbSetDeviceFeature)
                  00017540    0000001c     tasks.obj (.text:xTaskGetSchedulerState)
                  0001755c    0000001a     UsbCdc.obj (.text:CdcIsReceiveInProgress)
                  00017576    0000001a     ucs.obj (.text:UCS_getSMCLK)
                  00017590    0000001a     main.obj (.text:vApplicationGetIdleTaskMemory)
                  000175aa    00000018     control_motors.obj (.text:_eventAlignPhi)
                  000175c2    00000018     control_motors.obj (.text:_eventAlignTheta)
                  000175da    00000018     control_motors.obj (.text:_faultPhiAlign)
                  000175f2    00000018     control_motors.obj (.text:_faultPhiTurnsteps)
                  0001760a    00000018     control_motors.obj (.text:_faultThetaAlign)
                  00017622    00000018     control_motors.obj (.text:_faultThetaTurnsteps)
                  0001763a    00000018     rts430x_lc_rd_eabi.lib : mult16_f5hw.asm.obj (.text)
                  00017652    00000018     usb.obj (.text:usbGetConfigurationDescriptor)
                  0001766a    00000018     usb.obj (.text:usbGetDeviceDescriptor)
                  00017682    00000018     usb.obj (.text:usbReceiveDataPacketOnEP0)
                  0001769a    00000018     UsbCdc.obj (.text:usbSetControlLineState)
                  000176b2    00000016     rts430x_lc_rd_eabi.lib : memset.c.obj (.text:memset)
                  000176c8    00000016                            : div16u.asm.obj (.text)
                  000176de    00000016     usb.obj (.text:usbGetConfiguration)
                  000176f4    00000014     usbEventHandling.obj (.text:USB_handleVbusOnEvent)
                  00017708    00000014     rts430x_lc_rd_eabi.lib : memcpy.c.obj (.text:memcpy)
                  0001771c    00000014     tasks.obj (.text:prvIdleTask)
                  00017730    00000014     usb.obj (.text:usbSendZeroLengthPacketOnIEP0)
                  00017744    00000014     usb.obj (.text:usbSetInterface)
                  00017758    00000012     io_interrupts.obj (.text:_defaultHandler)
                  0001776a    00000012     rts430x_lc_rd_eabi.lib : copy_decompress_none.c.obj (.text:decompress:none:__TI_decompress_none)
                  0001777c    00000012     tasks.obj (.text:vTaskInternalSetTimeOutState)
                  0001778e    00000010     adc12_a.obj (.text:ADC12_A_getResults)
                  0001779e    00000010     dma.obj (.text:DMA_disableTransfers)
                  000177ae    00000010     dma.obj (.text:DMA_enableTransfers)
                  000177be    00000010     usb.obj (.text:usbInvalidRequest)
                  000177ce    0000000e     dma.obj (.text:DMA_getInterruptStatus)
                  000177dc    0000000e     dma.obj (.text:DMA_startTransfer)
                  000177ea    0000000e     control_motors.obj (.text:_eventTurnPhi)
                  000177f8    0000000e     control_motors.obj (.text:_eventTurnTheta)
                  00017806    0000000e     interface.obj (.text:_nack)
                  00017814    0000000e     usb.obj (.text:usbStallEndpoint0)
                  00017822    0000000c     adc12_a.obj (.text:ADC12_A_clearInterrupt)
                  0001782e    0000000c     dma.obj (.text:DMA_setTransferSize)
                  0001783a    0000000c     interface.obj (.text:IF_informRx)
                  00017846    0000000c     interface.obj (.text:IF_informTx)
                  00017852    0000000c     interface.obj (.text:_ack)
                  0001785e    0000000c     UsbCdc.obj (.text:usbSetLineCoding)
                  0001786a    0000000a     usb.obj (.text:USB_setEnabledEvents)
                  00017874    0000000a     interface.obj (.text:_invbslButton)
                  0001787e    0000000a     rts430x_lc_rd_eabi.lib : lsl16.asm.obj (.text)
                  00017888    0000000a                            : lsr16.asm.obj (.text)
                  00017892    0000000a     main.obj (.text:test)
                  0001789c    00000008     adc12_a.obj (.text:ADC12_A_disable)
                  000178a4    00000008     adc12_a.obj (.text:ADC12_A_enable)
                  000178ac    00000008     flashctl.obj (.text:FlashCtl_getStatus)
                  000178b4    00000008     ucs.obj (.text:UCS_turnOffXT2)
                  000178bc    00000008     usbEventHandling.obj (.text:USBCDC_handleDataReceived)
                  000178c4    00000008     usbEventHandling.obj (.text:USBCDC_handleSendCompleted)
                  000178cc    00000008     usbEventHandling.obj (.text:USB_handleVbusOffEvent)
                  000178d4    00000008     control_motors.obj (.text:_stopTurn)
                  000178dc    00000008     usb.obj (.text:usbClearOEP0ByteCount)
                  000178e4    00000008     usb.obj (.text:usbRestoreInEndpointInterrupt)
                  000178ec    00000008     usb.obj (.text:usbRestoreOutEndpointInterrupt)
                  000178f4    00000008     usb.obj (.text:usbStallOEP0)
                  000178fc    00000008     list.obj (.text:vListInitialiseItem)
                  00017904    00000008     tasks.obj (.text:vTaskMissedYield)
                  0001790c    00000008     tasks.obj (.text:vTaskSuspendAll)
                  00017914    00000006     dma.obj (.text:DMA_disableTransferDuringReadModifyWrite)
                  0001791a    00000006     dma.obj (.text:DMA_enableTransferDuringReadModifyWrite)
                  00017920    00000006     sfr.obj (.text:SFR_clearInterrupt)
                  00017926    00000006     ucs.obj (.text:UCS_clearFaultFlag)
                  0001792c    00000006     usb.obj (.text:USB_getVersion)
                  00017932    00000006     rts430x_lc_rd_eabi.lib : exit.c.obj (.text:abort)
                  00017938    00000004     usbEventHandling.obj (.text:USBCDC_handleReceiveCompleted)
                  0001793c    00000004     usbEventHandling.obj (.text:USBCDC_handleSetControlLineState)
                  00017940    00000004     usbEventHandling.obj (.text:USBCDC_handleSetLineCoding)
                  00017944    00000004     usbEventHandling.obj (.text:USB_handleClockEvent)
                  00017948    00000004     usbEventHandling.obj (.text:USB_handleEnumerationCompleteEvent)
                  0001794c    00000004     usbEventHandling.obj (.text:USB_handleResetEvent)
                  00017950    00000004     usbEventHandling.obj (.text:USB_handleResumeEvent)
                  00017954    00000004     usbEventHandling.obj (.text:USB_handleSuspendEvent)
                  00017958    00000004     rts430x_lc_rd_eabi.lib : pre_init.c.obj (.text:_system_pre_init)
                  0001795c    00000002                            : startup.c.obj (.text:_system_post_cinit)

MODULE SUMMARY

       Module                       code    ro data   rw data
       ------                       ----    -------   -------
    .\
       main.obj                     258     18        610    
       hal.obj                      62      0         0      
    +--+----------------------------+-------+---------+---------+
       Total:                       320     18        610    
                                                             
    .\FreeRTOS\Source\
       tasks.obj                    2976    752       166    
       queue.obj                    2248    828       0      
       list.obj                     208     0         0      
    +--+----------------------------+-------+---------+---------+
       Total:                       5432    1580      166    
                                                             
    .\FreeRTOS\Source\portable\CCS\MSP430X\
       port.obj                     168     28        2      
       portext.obj                  166     0         0      
    +--+----------------------------+-------+---------+---------+
       Total:                       334     28        2      
                                                             
    .\USB_API\USB_CDC_API\
       UsbCdc.obj                   3770    0         46     
    +--+----------------------------+-------+---------+---------+
       Total:                       3770    0         46     
                                                             
    .\USB_API\USB_Common\
       usb.obj                      3512    34        81     
       usbdma.obj                   226     10        8      
    +--+----------------------------+-------+---------+---------+
       Total:                       3738    44        89     
                                                             
    .\USB_app\
       usbConstructs.obj            196     0         0      
       usbEventHandling.obj         76      0         0      
    +--+----------------------------+-------+---------+---------+
       Total:                       272     0         0      
                                                             
    .\USB_config\
       UsbIsr.obj                   778     2         0      
       descriptors.obj              0       513       0      
    +--+----------------------------+-------+---------+---------+
       Total:                       778     515       0      
                                                             
    .\app\src\
       control_motors.obj           3486    790       2980   
       interface.obj                4206    481       1290   
       check_alignment.obj          1174    371       694    
       error.obj                    438     14        140    
    +--+----------------------------+-------+---------+---------+
       Total:                       9304    1656      5104   
                                                             
    .\driverlib\MSP430F5xx_6xx\
       ucs.obj                      1076    0         8      
       pmm.obj                      468     0         0      
       adc12_a.obj                  378     0         0      
       dma.obj                      308     0         0      
       flashctl.obj                 92      0         0      
       tlv.obj                      80      0         0      
       gpio.obj                     40      28        0      
       wdt_a.obj                    32      0         0      
       sfr.obj                      6       0         0      
    +--+----------------------------+-------+---------+---------+
       Total:                       2480    28        8      
                                                             
    .\hal\src\
       timerb_hal.obj               2062    948       0      
       timera_hal.obj               522     44        0      
       io_hal.obj                   258     0         0      
    +--+----------------------------+-------+---------+---------+
       Total:                       2842    992       0      
                                                             
    .\hil\src\
       pwm.obj                      1704    120       62     
       io_interrupts.obj            216     38        64     
       led_hil.obj                  50      14        0      
    +--+----------------------------+-------+---------+---------+
       Total:                       1970    172       126    
                                                             
    C:\ti\ccs1011\ccs\tools\compiler\ti-cgt-msp430_20.2.1.LTS\lib\rts430x_lc_rd_eabi.lib
       copy_decompress_lzss.c.obj   118     0         0      
       div32u.asm.obj               88      0         0      
       autoinit.c.obj               84      0         0      
       div32s.asm.obj               64      0         0      
       lsl32.asm.obj                62      0         0      
       lsr32.asm.obj                62      0         0      
       div16s.asm.obj               44      0         0      
       copy_zero_init.c.obj         36      0         0      
       mult32_f5hw.asm.obj          36      0         0      
       boot.c.obj                   28      2         0      
       mult16_f5hw.asm.obj          24      0         0      
       div16u.asm.obj               22      0         0      
       memset.c.obj                 22      0         0      
       memcpy.c.obj                 20      0         0      
       copy_decompress_none.c.obj   18      0         0      
       lsl16.asm.obj                10      0         0      
       lsr16.asm.obj                10      0         0      
       isr_trap.asm.obj             8       0         0      
       exit.c.obj                   6       0         0      
       pre_init.c.obj               4       0         0      
       int41.asm.obj                0       2         0      
       int43.asm.obj                0       2         0      
       int45.asm.obj                0       2         0      
       int46.asm.obj                0       2         0      
       int48.asm.obj                0       2         0      
       int50.asm.obj                0       2         0      
       int52.asm.obj                0       2         0      
       int55.asm.obj                0       2         0      
       int56.asm.obj                0       2         0      
       int57.asm.obj                0       2         0      
       int58.asm.obj                0       2         0      
       int60.asm.obj                0       2         0      
       int62.asm.obj                0       2         0      
       startup.c.obj                2       0         0      
    +--+----------------------------+-------+---------+---------+
       Total:                       768     28        0      
                                                             
       Stack:                       0       0         160    
       Linker Generated:            0       119       0      
    +--+----------------------------+-------+---------+---------+
       Grand Total:                 32008   5180      6311   


LINKER GENERATED COPY TABLES

__TI_cinit_table @ 00005bac records: 2, size/record: 8, table size: 16
	.data: load addr=00005b44, load size=00000055 bytes, run addr=00003a62, run size=000001a6 bytes, compression=lzss
	.bss: load addr=00005ba6, load size=00000006 bytes, run addr=00002400, run size=00001661 bytes, compression=zero_init


LINKER GENERATED HANDLER TABLE

__TI_handler_table @ 00005b9a records: 3, size/record: 4, table size: 12
	index: 0, handler: __TI_zero_init
	index: 1, handler: __TI_decompress_lzss
	index: 2, handler: __TI_decompress_none


GLOBAL SYMBOLS: SORTED ALPHABETICALLY BY Name 

address   name                                       
-------   ----                                       
00000700  ADC12CTL0                                  
00000701  ADC12CTL0_H                                
00000700  ADC12CTL0_L                                
00000702  ADC12CTL1                                  
00000703  ADC12CTL1_H                                
00000702  ADC12CTL1_L                                
00000704  ADC12CTL2                                  
00000705  ADC12CTL2_H                                
00000704  ADC12CTL2_L                                
0000070c  ADC12IE                                    
0000070d  ADC12IE_H                                  
0000070c  ADC12IE_L                                  
0000070a  ADC12IFG                                   
0000070b  ADC12IFG_H                                 
0000070a  ADC12IFG_L                                 
0000070e  ADC12IV                                    
0000070f  ADC12IV_H                                  
0000070e  ADC12IV_L                                  
00000710  ADC12MCTL0                                 
00000711  ADC12MCTL1                                 
0000071a  ADC12MCTL10                                
0000071b  ADC12MCTL11                                
0000071c  ADC12MCTL12                                
0000071d  ADC12MCTL13                                
0000071e  ADC12MCTL14                                
0000071f  ADC12MCTL15                                
00000712  ADC12MCTL2                                 
00000713  ADC12MCTL3                                 
00000714  ADC12MCTL4                                 
00000715  ADC12MCTL5                                 
00000716  ADC12MCTL6                                 
00000717  ADC12MCTL7                                 
00000718  ADC12MCTL8                                 
00000719  ADC12MCTL9                                 
00000720  ADC12MEM0                                  
00000721  ADC12MEM0_H                                
00000720  ADC12MEM0_L                                
00000722  ADC12MEM1                                  
00000734  ADC12MEM10                                 
00000735  ADC12MEM10_H                               
00000734  ADC12MEM10_L                               
00000736  ADC12MEM11                                 
00000737  ADC12MEM11_H                               
00000736  ADC12MEM11_L                               
00000738  ADC12MEM12                                 
00000739  ADC12MEM12_H                               
00000738  ADC12MEM12_L                               
0000073a  ADC12MEM13                                 
0000073b  ADC12MEM13_H                               
0000073a  ADC12MEM13_L                               
0000073c  ADC12MEM14                                 
0000073d  ADC12MEM14_H                               
0000073c  ADC12MEM14_L                               
0000073e  ADC12MEM15                                 
0000073f  ADC12MEM15_H                               
0000073e  ADC12MEM15_L                               
00000723  ADC12MEM1_H                                
00000722  ADC12MEM1_L                                
00000724  ADC12MEM2                                  
00000725  ADC12MEM2_H                                
00000724  ADC12MEM2_L                                
00000726  ADC12MEM3                                  
00000727  ADC12MEM3_H                                
00000726  ADC12MEM3_L                                
00000728  ADC12MEM4                                  
00000729  ADC12MEM4_H                                
00000728  ADC12MEM4_L                                
0000072a  ADC12MEM5                                  
0000072b  ADC12MEM5_H                                
0000072a  ADC12MEM5_L                                
0000072c  ADC12MEM6                                  
0000072d  ADC12MEM6_H                                
0000072c  ADC12MEM6_L                                
0000072e  ADC12MEM7                                  
0000072f  ADC12MEM7_H                                
0000072e  ADC12MEM7_L                                
00000730  ADC12MEM8                                  
00000731  ADC12MEM8_H                                
00000730  ADC12MEM8_L                                
00000732  ADC12MEM9                                  
00000733  ADC12MEM9_H                                
00000732  ADC12MEM9_L                                
0000475a  ADC12_A_IRQHandler                         
00017822  ADC12_A_clearInterrupt                     
000171ec  ADC12_A_configureMemory                    
0001789c  ADC12_A_disable                            
00016970  ADC12_A_disableInterrupt                   
000178a4  ADC12_A_enable                             
000169b0  ADC12_A_enableInterrupt                    
0001778e  ADC12_A_getResults                         
000165ec  ADC12_A_init                               
00017212  ADC12_A_setupSamplingTimer                 
00016ec0  ADC12_A_startConversion                    
00017932  C$$EXIT                                    
000170fc  CA_idProbe                                 
00016400  CA_init                                    
00016814  CA_measureSensor                           
00016452  CA_writeLaser                              
000008c0  CBCTL0                                     
000008c1  CBCTL0_H                                   
000008c0  CBCTL0_L                                   
000008c2  CBCTL1                                     
000008c3  CBCTL1_H                                   
000008c2  CBCTL1_L                                   
000008c4  CBCTL2                                     
000008c5  CBCTL2_H                                   
000008c4  CBCTL2_L                                   
000008c6  CBCTL3                                     
000008c7  CBCTL3_H                                   
000008c6  CBCTL3_L                                   
000008cc  CBINT                                      
000008cd  CBINT_H                                    
000008cc  CBINT_L                                    
000008ce  CBIV                                       
00016d82  CM_align                                   
00016c28  CM_getFreq                                 
00014248  CM_getOrientationInfo                      
00010eac  CM_init                                    
0001545a  CM_setAlignedInfo                          
000161f8  CM_setFreq                                 
0001685e  CM_turnMotorSteps                          
00000150  CRCDI                                      
00000152  CRCDIRB                                    
00000153  CRCDIRB_H                                  
00000152  CRCDIRB_L                                  
00000151  CRCDI_H                                    
00000150  CRCDI_L                                    
00000154  CRCINIRES                                  
00000155  CRCINIRES_H                                
00000154  CRCINIRES_L                                
00000156  CRCRESR                                    
00000157  CRCRESR_H                                  
00000156  CRCRESR_L                                  
0001755c  CdcIsReceiveInProgress                     
000038fc  CdcReadCtrl                                
000169f0  CdcResetData                               
00011d16  CdcToBufferFromHost                        
000117dc  CdcToHostFromBuffer                        
00003a02  CdcWriteCtrl                               
00013604  CopyUsbToBuff                              
00000510  DMA0CTL                                    
00000516  DMA0DA                                     
00000518  DMA0DAH                                    
00000516  DMA0DAL                                    
00000512  DMA0SA                                     
00000514  DMA0SAH                                    
00000512  DMA0SAL                                    
0000051a  DMA0SZ                                     
00000520  DMA1CTL                                    
00000526  DMA1DA                                     
00000528  DMA1DAH                                    
00000526  DMA1DAL                                    
00000522  DMA1SA                                     
00000524  DMA1SAH                                    
00000522  DMA1SAL                                    
0000052a  DMA1SZ                                     
00000530  DMA2CTL                                    
00000536  DMA2DA                                     
00000538  DMA2DAH                                    
00000536  DMA2DAL                                    
00000532  DMA2SA                                     
00000534  DMA2SAH                                    
00000532  DMA2SAL                                    
0000053a  DMA2SZ                                     
00000500  DMACTL0                                    
00000502  DMACTL1                                    
00000504  DMACTL2                                    
00000506  DMACTL3                                    
00000508  DMACTL4                                    
0000050e  DMAIV                                      
00017914  DMA_disableTransferDuringReadModifyWrite   
0001779e  DMA_disableTransfers                       
0001791a  DMA_enableTransferDuringReadModifyWrite    
000177ae  DMA_enableTransfers                        
000177ce  DMA_getInterruptStatus                     
0001593c  DMA_init                                   
00016fba  DMA_setDstAddress                          
0001701a  DMA_setSrcAddress                          
0001782e  DMA_setTransferSize                        
000177dc  DMA_startTransfer                          
00015ac0  ERROR_lastAssertInfo                       
00000140  FCTL1                                      
00000141  FCTL1_H                                    
00000140  FCTL1_L                                    
00000144  FCTL3                                      
00000145  FCTL3_H                                    
00000144  FCTL3_L                                    
00000146  FCTL4                                      
00000147  FCTL4_H                                    
00000146  FCTL4_L                                    
0001725e  FlashCtl_eraseSegment                      
000178ac  FlashCtl_getStatus                         
00016fea  FlashCtl_write8                            
00017124  GPIO_setAsPeripheralModuleFunctionOutputPin
0001569c  Handler_SetLineCoding                      
00017282  IEP0InterruptHandler                       
0001783a  IF_informRx                                
00017846  IF_informTx                                
00012ff6  IF_init                                    
00016300  IO_attachInterrupt                         
00014088  IO_configurePin                            
000173c6  IO_reset                                   
00016ef2  LEDI_init                                  
000004c4  MAC                                        
000004da  MAC32H                                     
000004db  MAC32H_H                                   
000004da  MAC32H_L                                   
000004d8  MAC32L                                     
000004d9  MAC32L_H                                   
000004d8  MAC32L_L                                   
000004c6  MACS                                       
000004de  MACS32H                                    
000004df  MACS32H_H                                  
000004de  MACS32H_L                                  
000004dc  MACS32L                                    
000004dd  MACS32L_H                                  
000004dc  MACS32L_L                                  
000004c7  MACS_H                                     
000004c6  MACS_L                                     
000004c5  MAC_H                                      
000004c4  MAC_L                                      
000004c0  MPY                                        
000004ec  MPY32CTL0                                  
000004ed  MPY32CTL0_H                                
000004ec  MPY32CTL0_L                                
000004d2  MPY32H                                     
000004d3  MPY32H_H                                   
000004d2  MPY32H_L                                   
000004d0  MPY32L                                     
000004d1  MPY32L_H                                   
000004d0  MPY32L_L                                   
000004c2  MPYS                                       
000004d6  MPYS32H                                    
000004d7  MPYS32H_H                                  
000004d6  MPYS32H_L                                  
000004d4  MPYS32L                                    
000004d5  MPYS32L_H                                  
000004d4  MPYS32L_L                                  
000004c3  MPYS_H                                     
000004c2  MPYS_L                                     
000004c1  MPY_H                                      
000004c0  MPY_L                                      
000168a8  OEP0InterruptHandler                       
000004c8  OP2                                        
000004e2  OP2H                                       
000004e3  OP2H_H                                     
000004e2  OP2H_L                                     
000004e0  OP2L                                       
000004e1  OP2L_H                                     
000004e0  OP2L_L                                     
000004c9  OP2_H                                      
000004c8  OP2_L                                      
0000020e  P1IV                                       
0000021e  P2IV                                       
000001e0  P4MAP01                                    
000001e1  P4MAP01_H                                  
000001e0  P4MAP01_L                                  
000001e2  P4MAP23                                    
000001e3  P4MAP23_H                                  
000001e2  P4MAP23_L                                  
000001e4  P4MAP45                                    
000001e5  P4MAP45_H                                  
000001e4  P4MAP45_L                                  
000001e6  P4MAP67                                    
000001e7  P4MAP67_H                                  
000001e6  P4MAP67_L                                  
00000204  PADIR                                      
00000205  PADIR_H                                    
00000204  PADIR_L                                    
00000208  PADS                                       
00000209  PADS_H                                     
00000208  PADS_L                                     
0000021a  PAIE                                       
00000218  PAIES                                      
00000219  PAIES_H                                    
00000218  PAIES_L                                    
0000021b  PAIE_H                                     
0000021a  PAIE_L                                     
0000021c  PAIFG                                      
0000021d  PAIFG_H                                    
0000021c  PAIFG_L                                    
00000200  PAIN                                       
00000201  PAIN_H                                     
00000200  PAIN_L                                     
00000202  PAOUT                                      
00000203  PAOUT_H                                    
00000202  PAOUT_L                                    
00000206  PAREN                                      
00000207  PAREN_H                                    
00000206  PAREN_L                                    
0000020a  PASEL                                      
0000020b  PASEL_H                                    
0000020a  PASEL_L                                    
00000224  PBDIR                                      
00000225  PBDIR_H                                    
00000224  PBDIR_L                                    
00000228  PBDS                                       
00000229  PBDS_H                                     
00000228  PBDS_L                                     
00000220  PBIN                                       
00000221  PBIN_H                                     
00000220  PBIN_L                                     
00000222  PBOUT                                      
00000223  PBOUT_H                                    
00000222  PBOUT_L                                    
00000226  PBREN                                      
00000227  PBREN_H                                    
00000226  PBREN_L                                    
0000022a  PBSEL                                      
0000022b  PBSEL_H                                    
0000022a  PBSEL_L                                    
00000244  PCDIR                                      
00000245  PCDIR_H                                    
00000244  PCDIR_L                                    
00000248  PCDS                                       
00000249  PCDS_H                                     
00000248  PCDS_L                                     
00000240  PCIN                                       
00000241  PCIN_H                                     
00000240  PCIN_L                                     
00000242  PCOUT                                      
00000243  PCOUT_H                                    
00000242  PCOUT_L                                    
00000246  PCREN                                      
00000247  PCREN_H                                    
00000246  PCREN_L                                    
0000024a  PCSEL                                      
0000024b  PCSEL_H                                    
0000024a  PCSEL_L                                    
00000264  PDDIR                                      
00000265  PDDIR_H                                    
00000264  PDDIR_L                                    
00000268  PDDS                                       
00000269  PDDS_H                                     
00000268  PDDS_L                                     
00000260  PDIN                                       
00000261  PDIN_H                                     
00000260  PDIN_L                                     
00000262  PDOUT                                      
00000263  PDOUT_H                                    
00000262  PDOUT_L                                    
00000266  PDREN                                      
00000267  PDREN_H                                    
00000266  PDREN_L                                    
0000026a  PDSEL                                      
0000026b  PDSEL_H                                    
0000026a  PDSEL_L                                    
00000324  PJDIR                                      
00000325  PJDIR_H                                    
00000324  PJDIR_L                                    
00000328  PJDS                                       
00000329  PJDS_H                                     
00000328  PJDS_L                                     
00000320  PJIN                                       
00000321  PJIN_H                                     
00000320  PJIN_L                                     
00000322  PJOUT                                      
00000323  PJOUT_H                                    
00000322  PJOUT_L                                    
00000326  PJREN                                      
00000327  PJREN_H                                    
00000326  PJREN_L                                    
00000130  PM5CTL0                                    
00000131  PM5CTL0_H                                  
00000130  PM5CTL0_L                                  
000001c2  PMAPCTL                                    
000001c3  PMAPCTL_H                                  
000001c2  PMAPCTL_L                                  
000001c0  PMAPKEYID                                  
000001c1  PMAPKEYID_H                                
000001c0  PMAPKEYID_L                                
00000120  PMMCTL0                                    
00000121  PMMCTL0_H                                  
00000120  PMMCTL0_L                                  
00000122  PMMCTL1                                    
00000123  PMMCTL1_H                                  
00000122  PMMCTL1_L                                  
0000012c  PMMIFG                                     
0000012d  PMMIFG_H                                   
0000012c  PMMIFG_L                                   
0000012e  PMMRIE                                     
0000012f  PMMRIE_H                                   
0000012e  PMMRIE_L                                   
000164a4  PMM_setVCore                               
000150a8  PMM_setVCoreDown                           
00014168  PMM_setVCoreUp                             
00011f5c  PWM_configure                              
00012ea0  PWM_start                                  
000158b8  PWM_stop                                   
000157ac  PWRVBUSoffHandler                          
00015c2c  PWRVBUSonHandler                           
00000158  RCCTL0                                     
00000159  RCCTL0_H                                   
00000158  RCCTL0_L                                   
000001b0  REFCTL0                                    
000001b1  REFCTL0_H                                  
000001b0  REFCTL0_L                                  
000004e4  RES0                                       
000004e5  RES0_H                                     
000004e4  RES0_L                                     
000004e6  RES1                                       
000004e7  RES1_H                                     
000004e6  RES1_L                                     
000004e8  RES2                                       
000004e9  RES2_H                                     
000004e8  RES2_L                                     
000004ea  RES3                                       
000004eb  RES3_H                                     
000004ea  RES3_L                                     
000004cc  RESHI                                      
000004cd  RESHI_H                                    
000004cc  RESHI_L                                    
000004ca  RESLO                                      
000004cb  RESLO_H                                    
000004ca  RESLO_L                                    
000004ba  RTCADOWDAY                                 
000004bb  RTCADOWDAY_H                               
000004ba  RTCADOWDAY_L                               
000004b8  RTCAMINHR                                  
000004b9  RTCAMINHR_H                                
000004b8  RTCAMINHR_L                                
000004a0  RTCCTL01                                   
000004a1  RTCCTL01_H                                 
000004a0  RTCCTL01_L                                 
000004a2  RTCCTL23                                   
000004a3  RTCCTL23_H                                 
000004a2  RTCCTL23_L                                 
000004b4  RTCDATE                                    
000004b5  RTCDATE_H                                  
000004b4  RTCDATE_L                                  
000004ae  RTCIV                                      
000004ac  RTCPS                                      
000004a8  RTCPS0CTL                                  
000004a9  RTCPS0CTL_H                                
000004a8  RTCPS0CTL_L                                
000004aa  RTCPS1CTL                                  
000004ab  RTCPS1CTL_H                                
000004aa  RTCPS1CTL_L                                
000004ad  RTCPS_H                                    
000004ac  RTCPS_L                                    
000004b0  RTCTIM0                                    
000004b1  RTCTIM0_H                                  
000004b0  RTCTIM0_L                                  
000004b2  RTCTIM1                                    
000004b3  RTCTIM1_H                                  
000004b2  RTCTIM1_L                                  
000004b6  RTCYEAR                                    
000004b7  RTCYEAR_H                                  
000004b6  RTCYEAR_L                                  
00000100  SFRIE1                                     
00000101  SFRIE1_H                                   
00000100  SFRIE1_L                                   
00000102  SFRIFG1                                    
00000103  SFRIFG1_H                                  
00000102  SFRIFG1_L                                  
00000104  SFRRPCR                                    
00000105  SFRRPCR_H                                  
00000104  SFRRPCR_L                                  
00017920  SFR_clearInterrupt                         
000004ce  SUMEXT                                     
000004cf  SUMEXT_H                                   
000004ce  SUMEXT_L                                   
00000124  SVSMHCTL                                   
00000125  SVSMHCTL_H                                 
00000124  SVSMHCTL_L                                 
00000128  SVSMIO                                     
00000129  SVSMIO_H                                   
00000128  SVSMIO_L                                   
00000126  SVSMLCTL                                   
00000127  SVSMLCTL_H                                 
00000126  SVSMLCTL_L                                 
00000198  SYSBERRIV                                  
00000199  SYSBERRIV_H                                
00000198  SYSBERRIV_L                                
00000182  SYSBSLC                                    
00000183  SYSBSLC_H                                  
00000182  SYSBSLC_L                                  
00000180  SYSCTL                                     
00000181  SYSCTL_H                                   
00000180  SYSCTL_L                                   
00000186  SYSJMBC                                    
00000187  SYSJMBC_H                                  
00000186  SYSJMBC_L                                  
00000188  SYSJMBI0                                   
00000189  SYSJMBI0_H                                 
00000188  SYSJMBI0_L                                 
0000018a  SYSJMBI1                                   
0000018b  SYSJMBI1_H                                 
0000018a  SYSJMBI1_L                                 
0000018c  SYSJMBO0                                   
0000018d  SYSJMBO0_H                                 
0000018c  SYSJMBO0_L                                 
0000018e  SYSJMBO1                                   
0000018f  SYSJMBO1_H                                 
0000018e  SYSJMBO1_L                                 
0000019e  SYSRSTIV                                   
0000019f  SYSRSTIV_H                                 
0000019e  SYSRSTIV_L                                 
0000019c  SYSSNIV                                    
0000019d  SYSSNIV_H                                  
0000019c  SYSSNIV_L                                  
0000019a  SYSUNIV                                    
0000019b  SYSUNIV_H                                  
0000019a  SYSUNIV_L                                  
00016250  SetupPacketInterruptHandler                
00000352  TA0CCR0                                    
00000354  TA0CCR1                                    
00000356  TA0CCR2                                    
00000358  TA0CCR3                                    
0000035a  TA0CCR4                                    
00000342  TA0CCTL0                                   
00000344  TA0CCTL1                                   
00000346  TA0CCTL2                                   
00000348  TA0CCTL3                                   
0000034a  TA0CCTL4                                   
00000340  TA0CTL                                     
00000360  TA0EX0                                     
0000036e  TA0IV                                      
00000350  TA0R                                       
00000392  TA1CCR0                                    
00000394  TA1CCR1                                    
00000396  TA1CCR2                                    
00000382  TA1CCTL0                                   
00000384  TA1CCTL1                                   
00000386  TA1CCTL2                                   
00000380  TA1CTL                                     
000003a0  TA1EX0                                     
000003ae  TA1IV                                      
00000390  TA1R                                       
00000412  TA2CCR0                                    
00000414  TA2CCR1                                    
00000416  TA2CCR2                                    
00000402  TA2CCTL0                                   
00000404  TA2CCTL1                                   
00000406  TA2CCTL2                                   
00000400  TA2CTL                                     
00000420  TA2EX0                                     
0000042e  TA2IV                                      
00000410  TA2R                                       
00012bca  TA_configureCctl                           
0001663c  TA_configureCtl                            
0001672c  TA_reset                                   
000003d2  TB0CCR0                                    
000003d4  TB0CCR1                                    
000003d6  TB0CCR2                                    
000003d8  TB0CCR3                                    
000003da  TB0CCR4                                    
000003dc  TB0CCR5                                    
000003de  TB0CCR6                                    
000003c2  TB0CCTL0                                   
000003c4  TB0CCTL1                                   
000003c6  TB0CCTL2                                   
000003c8  TB0CCTL3                                   
000003ca  TB0CCTL4                                   
000003cc  TB0CCTL5                                   
000003ce  TB0CCTL6                                   
000003c0  TB0CTL                                     
000003e0  TB0EX0                                     
000003ee  TB0IV                                      
000003d0  TB0R                                       
00012a46  TB_configureCctl                           
00015ca0  TB_configureCtl                            
0001677a  TB_reset                                   
000108e4  TB_unitTest                                
0001668c  TLV_getInfo                                
[...]
0000239f  USBOEPSIZXY_3                              
000023a0  USBOEPCNF_4                                
000023a1  USBOEPBBAX_4                               
000023a2  USBOEPBCTX_4                               
000023a5  USBOEPBBAY_4                               
000023a6  USBOEPBCTY_4                               
000023a7  USBOEPSIZXY_4                              
000023a8  USBOEPCNF_5                                
000023a9  USBOEPBBAX_5                               
000023aa  USBOEPBCTX_5                               
000023ad  USBOEPBBAY_5                               
000023ae  USBOEPBCTY_5                               
000023af  USBOEPSIZXY_5                              
000023b0  USBOEPCNF_6                                
000023b1  USBOEPBBAX_6                               
000023b2  USBOEPBCTX_6                               
000023b5  USBOEPBBAY_6                               
000023b6  USBOEPBCTY_6                               
000023b7  USBOEPSIZXY_6                              
000023b8  USBOEPCNF_7                                
000023b9  USBOEPBBAX_7                               
000023ba  USBOEPBCTX_7                               
000023bd  USBOEPBBAY_7                               
000023be  USBOEPBCTY_7                               
000023bf  USBOEPSIZXY_7                              
000023c8  USBIEPCNF_1                                
000023c8  tInputEndPointDescriptorBlock              
000023c9  USBIEPBBAX_1                               
000023ca  USBIEPBCTX_1                               
000023cd  USBIEPBBAY_1                               
000023ce  USBIEPBCTY_1                               
000023cf  USBIEPSIZXY_1                              
000023d0  USBIEPCNF_2                                
000023d1  USBIEPBBAX_2                               
000023d2  USBIEPBCTX_2                               
000023d5  USBIEPBBAY_2                               
000023d6  USBIEPBCTY_2                               
000023d7  USBIEPSIZXY_2                              
000023d8  USBIEPCNF_3                                
000023d9  USBIEPBBAX_3                               
000023da  USBIEPBCTX_3                               
000023dd  USBIEPBBAY_3                               
000023de  USBIEPBCTY_3                               
000023df  USBIEPSIZXY_3                              
000023e0  USBIEPCNF_4                                
000023e1  USBIEPBBAX_4                               
000023e2  USBIEPBCTX_4                               
000023e5  USBIEPBBAY_4                               
000023e6  USBIEPBCTY_4                               
000023e7  USBIEPSIZXY_4                              
000023e8  USBIEPCNF_5                                
000023e9  USBIEPBBAX_5                               
000023ea  USBIEPBCTX_5                               
000023ed  USBIEPBBAY_5                               
000023ee  USBIEPBCTY_5                               
000023ef  USBIEPSIZXY_5                              
000023f0  USBIEPCNF_6                                
000023f1  USBIEPBBAX_6                               
000023f2  USBIEPBCTX_6                               
000023f5  USBIEPBBAY_6                               
000023f6  USBIEPBCTY_6                               
000023f7  USBIEPSIZXY_6                              
000023f8  USBIEPCNF_7                                
000023f9  USBIEPBBAX_7                               
000023fa  USBIEPBCTX_7                               
000023fd  USBIEPBBAY_7                               
000023fe  USBIEPBCTY_7                               
000023ff  USBIEPSIZXY_7                              
000038da  abramSerialStringDescriptor                
000038fc  CdcReadCtrl                                
00003a02  CdcWriteCtrl                               
00003a28  abUsbRequestIncomingData                   
00003a30  abUsbRequestReturnData                     
00003a52  USB_RX_memcpy                              
00003a56  USB_TX_memcpy                              
00003a5a  wBytesRemainingOnIEP0                      
00003a5c  wBytesRemainingOnOEP0                      
00003a5e  wUsbEventMask                              
00003a60  bStatusAction                              
00003ba2  pxCurrentTCB                               
00003bfb  bFunctionSuspended                         
00003bfc  bEnumerationStatus                         
00003bfe  VERSION                                    
00003c06  usCriticalNesting                          
00004360  _stack                                     
00004400  __STACK_END                                
00004400  iUsbInterruptHandler                       
00004550  ta0IRQHandler                              
000045c0  ta1IRQHandler                              
00004630  ta2IRQHandler                              
000046a0  UNMI_ISR                                   
000046ea  p1_IRQHandler                              
00004722  p2_IRQHandler                              
0000475a  ADC12_A_IRQHandler                         
00004776  _c_int00_noargs                            
00004792  vTickISREntry                              
000047a2  __TI_ISR_TRAP                              
00005786  tUsbRequestList                            
00005890  abromStringDescriptor                      
00005974  abromConfigurationDescriptorGroup          
00005a44  abromDeviceDescriptor                      
00005a66  stUsbHandle                                
00005b42  uxTopUsedPriority                          
00005b9a  __TI_Handler_Table_Base                    
00005ba6  __TI_Handler_Table_Limit                   
00005bac  __TI_CINIT_Base                            
00005bbc  __TI_CINIT_Limit                           
0000ffd2  __TI_int41                                 
0000ffd4  __TI_int42                                 
0000ffd6  __TI_int43                                 
0000ffd8  __TI_int44                                 
0000ffda  __TI_int45                                 
0000ffdc  __TI_int46                                 
0000ffde  __TI_int47                                 
0000ffe0  __TI_int48                                 
0000ffe2  __TI_int49                                 
0000ffe4  __TI_int50                                 
0000ffe6  __TI_int51                                 
0000ffe8  __TI_int52                                 
0000ffea  __TI_int53                                 
0000ffec  __TI_int54                                 
0000ffee  __TI_int55                                 
0000fff0  __TI_int56                                 
0000fff2  __TI_int57                                 
0000fff4  __TI_int58                                 
0000fff6  __TI_int59                                 
0000fff8  __TI_int60                                 
0000fffa  __TI_int61                                 
0000fffc  __TI_int62                                 
0000fffe  _reset_vector                              
000108e4  TB_unitTest                                
00010eac  CM_init                                    
00011364  USBCDC_receiveData                         
000117dc  CdcToHostFromBuffer                        
00011d16  CdcToBufferFromHost                        
00011f5c  PWM_configure                              
000121a0  USB_reset                                  
0001256a  xQueueGenericSend                          
00012720  xQueueReceive                              
000128ba  xQueueSemaphoreTake                        
00012a46  TB_configureCctl                           
00012bca  TA_configureCctl                           
00012d36  xTaskGenericNotify                         
00012ea0  PWM_start                                  
00012ff6  IF_init                                    
0001313a  USB_enable                                 
00013604  CopyUsbToBuff                              
0001370e  xTaskIncrementTick                         
00013814  USB_InitSerialStringDescriptor             
00013a0c  ulTaskGenericNotifyTake                    
00013b06  xTaskResumeAll                             
00013bfc  USBCDC_getInterfaceStatus                  
00013ce8  USB_determineFreq                          
00013fa6  UCS_initFLL                                
00014088  IO_configurePin                            
00014168  PMM_setVCoreUp                             
00014248  CM_getOrientationInfo                      
00014320  vTaskGenericNotifyGiveFromISR              
0001459c  USBCDC_getBytesInUSBBuffer                 
00014726  USB_determineXT2Freq                       
000147e0  USB_init                                   
0001489a  xQueueGenericReset                         
00014950  xTaskCreateStatic                          
00014a04  usbGetLineCoding                           
00014b66  xQueueGiveFromISR                          
00014d6a  usbGetEndpointStatus                       
00014e12  UCS_initClockSignal                        
00014eb8  USBCDC_sendData                            
00014f5e  vPortPreemptiveTickISR                     
00014f8e  vPortCooperativeTickISR                    
00014fba  vPortYield                                 
00014fea  xPortStartScheduler                        
00015004  xQueueGenericCreateStatic                  
000150a8  PMM_setVCoreDown                           
0001514a  vTaskStartScheduler                        
0001528a  usbClearEndpointFeature                    
00015326  _assert_failure                            
000153c0  xTaskCheckForTimeOut                       
0001545a  CM_setAlignedInfo                          
000154f0  usbDecodeAndProcessUsbRequest              
00015580  usbSendNextPacketOnIEP0                    
0001560e  xTaskRemoveFromEventList                   
0001569c  Handler_SetLineCoding                      
00015724  vTaskSwitchContext                         
000157ac  PWRVBUSoffHandler                          
000158b8  PWM_stop                                   
0001593c  DMA_init                                   
00015ac0  ERROR_lastAssertInfo                       
00015bb6  __TI_decompress_lzss                       
00015c2c  PWRVBUSonHandler                           
00015ca0  TB_configureCtl                            
00015d14  init                                       
00015dfc  vPortSetupTimerInterrupt                   
00015e70  USBCDC_sendDataInBackground                
0001601c  memcpyDMA                                  
00016080  usbGetStringDescriptor                     
000160e0  usbReceiveNextPacketOnOEP0                 
00016140  USB_initMemcpy                             
000161f8  CM_setFreq                                 
00016250  SetupPacketInterruptHandler                
000162a8  __mspabi_divul                             
000162a8  __mspabi_remul                             
00016300  IO_attachInterrupt                         
00016356  USBCDC_receiveDataInBuffer                 
000163ac  __TI_auto_init_nobinit_nopinit_hold_wdt    
00016400  CA_init                                    
00016452  CA_writeLaser                              
000164a4  PMM_setVCore                               
0001659a  usbSetEndpointFeature                      
000165ec  ADC12_A_init                               
0001663c  TA_configureCtl                            
0001668c  TLV_getInfo                                
0001672c  TA_reset                                   
0001677a  TB_reset                                   
00016814  CA_measureSensor                           
0001685e  CM_turnMotorSteps                          
000168a8  OEP0InterruptHandler                       
000168ec  USB_lookUpPll                              
00016970  ADC12_A_disableInterrupt                   
000169b0  ADC12_A_enableInterrupt                    
000169f0  CdcResetData                               
00016ab0  __mspabi_divli                             
00016ab0  __mspabi_remli                             
00016af0  vListInsert                                
00016b30  USBHAL_initClocks                          
00016b6e  USB_suspend                                
00016bac  __mspabi_slll_15                           
00016bb0  __mspabi_slll_14                           
00016bb4  __mspabi_slll_13                           
00016bb8  __mspabi_slll_12                           
00016bbc  __mspabi_slll_11                           
00016bc0  __mspabi_slll_10                           
00016bc4  __mspabi_slll_9                            
00016bc8  __mspabi_slll_8                            
00016bcc  __mspabi_slll_7                            
00016bd0  __mspabi_slll_6                            
00016bd4  __mspabi_slll_5                            
00016bd8  __mspabi_slll_4                            
00016bdc  __mspabi_slll_3                            
00016be0  __mspabi_slll_2                            
00016be4  __mspabi_slll_1                            
00016bea  __mspabi_srll_15                           
00016bee  __mspabi_srll_14                           
00016bf2  __mspabi_srll_13                           
00016bf6  __mspabi_srll_12                           
00016bfa  __mspabi_srll_11                           
00016bfe  __mspabi_srll_10                           
00016c02  __mspabi_srll_9                            
00016c06  __mspabi_srll_8                            
00016c0a  __mspabi_srll_7                            
00016c0e  __mspabi_srll_6                            
00016c12  __mspabi_srll_5                            
00016c16  __mspabi_srll_4                            
00016c1a  __mspabi_srll_3                            
00016c1e  __mspabi_srll_2                            
00016c22  __mspabi_srll_1                            
00016c28  CM_getFreq                                 
00016c64  UCS_turnOnXT2WithTimeout                   
00016c9e  USB_setup                                  
00016cd8  uxListRemove                               
00016d12  USB_getConnectionInformation               
00016d82  CM_align                                   
00016db8  UCS_initFLLSettle                          
00016dee  vTaskPlaceOnEventList                      
00016e8c  usbGetDeviceStatus                         
00016ec0  ADC12_A_startConversion                    
00016ef2  LEDI_init                                  
00016fba  DMA_setDstAddress                          
00016fea  FlashCtl_write8                            
0001701a  DMA_setSrcAddress                          
00017048  USB_disable                                
00017076  usbSetConfiguration                        
000170a4  __mspabi_divi                              
000170a4  __mspabi_remi                              
000170d0  usbSendDataPacketOnEP0                     
000170fc  CA_idProbe                                 
00017124  GPIO_setAsPeripheralModuleFunctionOutputPin
00017174  usbDisableInEndpointInterrupt              
0001719c  usbDisableOutEndpointInterrupt             
000171c4  vListInitialise                            
000171ec  ADC12_A_configureMemory                    
00017212  ADC12_A_setupSamplingTimer                 
00017238  vListInsertEnd                             
0001725e  FlashCtl_eraseSegment                      
00017282  IEP0InterruptHandler                       
000172ee  __TI_zero_init                             
00017312  pxPortInitialiseStack                      
00017336  __mspabi_mpyl_f5hw                         
0001735a  usbGetInterface                            
0001737e  usbGetInterfaceStatus                      
000173a2  usbSetAddress                              
000173c6  IO_reset                                   
000173e8  USB_connect                                
0001740a  memcpyV                                    
0001744e  WDT_A_hold                                 
0001746e  main                                       
000174ae  UCS_getACLK                                
000174cc  USB_resume                                 
00017508  usbClearDeviceFeature                      
00017524  usbSetDeviceFeature                        
00017540  xTaskGetSchedulerState                     
0001755c  CdcIsReceiveInProgress                     
00017576  UCS_getSMCLK                               
00017590  vApplicationGetIdleTaskMemory              
0001763a  __mspabi_mpyi_f5hw                         
00017652  usbGetConfigurationDescriptor              
0001766a  usbGetDeviceDescriptor                     
00017682  usbReceiveDataPacketOnEP0                  
0001769a  usbSetControlLineState                     
000176b2  memset                                     
000176c8  __mspabi_divu                              
000176c8  __mspabi_remu                              
000176de  usbGetConfiguration                        
000176f4  USB_handleVbusOnEvent                      
00017708  memcpy                                     
00017730  usbSendZeroLengthPacketOnIEP0              
00017744  usbSetInterface                            
0001776a  __TI_decompress_none                       
0001777c  vTaskInternalSetTimeOutState               
0001778e  ADC12_A_getResults                         
0001779e  DMA_disableTransfers                       
000177ae  DMA_enableTransfers                        
000177be  usbInvalidRequest                          
000177ce  DMA_getInterruptStatus                     
000177dc  DMA_startTransfer                          
00017814  usbStallEndpoint0                          
00017822  ADC12_A_clearInterrupt                     
0001782e  DMA_setTransferSize                        
0001783a  IF_informRx                                
00017846  IF_informTx                                
0001785e  usbSetLineCoding                           
0001786a  USB_setEnabledEvents                       
0001787e  __mspabi_slli                              
00017888  __mspabi_srli                              
00017892  test                                       
0001789c  ADC12_A_disable                            
000178a4  ADC12_A_enable                             
000178ac  FlashCtl_getStatus                         
000178b4  UCS_turnOffXT2                             
000178bc  USBCDC_handleDataReceived                  
000178c4  USBCDC_handleSendCompleted                 
000178cc  USB_handleVbusOffEvent                     
000178dc  usbClearOEP0ByteCount                      
000178e4  usbRestoreInEndpointInterrupt              
000178ec  usbRestoreOutEndpointInterrupt             
000178f4  usbStallOEP0                               
000178fc  vListInitialiseItem                        
00017904  vTaskMissedYield                           
0001790c  vTaskSuspendAll                            
00017914  DMA_disableTransferDuringReadModifyWrite   
0001791a  DMA_enableTransferDuringReadModifyWrite    
00017920  SFR_clearInterrupt                         
00017926  UCS_clearFaultFlag                         
0001792c  USB_getVersion                             
00017932  C$$EXIT                                    
00017932  abort                                      
00017938  USBCDC_handleReceiveCompleted              
0001793c  USBCDC_handleSetControlLineState           
00017940  USBCDC_handleSetLineCoding                 
00017944  USB_handleClockEvent                       
00017948  USB_handleEnumerationCompleteEvent         
0001794c  USB_handleResetEvent                       
00017950  USB_handleResumeEvent                      
00017954  USB_handleSuspendEvent                     
00017958  _system_pre_init                           
0001795c  _system_post_cinit                         
ffffffff  __TI_pprof_out_hndl                        
ffffffff  __TI_prof_data_size                        
ffffffff  __TI_prof_data_start                       
ffffffff  __c_args__                                 

[1067 symbols]
