<?xml version="1.0" encoding="ISO-8859-1" ?>
<link_info>
   <banner>MSP430 Linker PC v20.2.3.LTS</banner>
   <copyright>Copyright (c) 2003-2018 Texas Instruments Incorporated</copyright>
   <link_time>0x5fb02f36</link_time>
   <link_errors>0x0</link_errors>
   <output_file>C1_LedOnOff.out</output_file>
   <entry_point>
      <name>_c_int00_noargs</name>
      <address>0x4568</address>
   </entry_point>
   <input_file_list>
      <input_file id="fl-2">
         <path>.\</path>
         <kind>object</kind>
         <file>hal.obj</file>
         <name>hal.obj</name>
      </input_file>
      <input_file id="fl-3">
         <path>.\</path>
         <kind>object</kind>
         <file>main.obj</file>
         <name>main.obj</name>
      </input_file>
      <input_file id="fl-4">
         <path>.\</path>
         <kind>object</kind>
         <file>system_pre_init.obj</file>
         <name>system_pre_init.obj</name>
      </input_file>
      <input_file id="fl-5">
         <path>.\USB_API\USB_CDC_API\</path>
         <kind>object</kind>
         <file>UsbCdc.obj</file>
         <name>UsbCdc.obj</name>
      </input_file>
      <input_file id="fl-6">
         <path>.\USB_API\USB_Common\</path>
         <kind>object</kind>
         <file>usb.obj</file>
         <name>usb.obj</name>
      </input_file>
      <input_file id="fl-7">
         <path>.\USB_API\USB_Common\</path>
         <kind>object</kind>
         <file>usbdma.obj</file>
         <name>usbdma.obj</name>
      </input_file>
      <input_file id="fl-8">
         <path>.\USB_API\USB_HID_API\</path>
         <kind>object</kind>
         <file>UsbHid.obj</file>
         <name>UsbHid.obj</name>
      </input_file>
      <input_file id="fl-9">
         <path>.\USB_API\USB_HID_API\</path>
         <kind>object</kind>
         <file>UsbHidReq.obj</file>
         <name>UsbHidReq.obj</name>
      </input_file>
      <input_file id="fl-a">
         <path>.\USB_API\USB_MSC_API\</path>
         <kind>object</kind>
         <file>UsbMscReq.obj</file>
         <name>UsbMscReq.obj</name>
      </input_file>
      <input_file id="fl-b">
         <path>.\USB_API\USB_MSC_API\</path>
         <kind>object</kind>
         <file>UsbMscScsi.obj</file>
         <name>UsbMscScsi.obj</name>
      </input_file>
      <input_file id="fl-c">
         <path>.\USB_API\USB_MSC_API\</path>
         <kind>object</kind>
         <file>UsbMscStateMachine.obj</file>
         <name>UsbMscStateMachine.obj</name>
      </input_file>
      <input_file id="fl-d">
         <path>.\USB_API\USB_PHDC_API\</path>
         <kind>object</kind>
         <file>UsbPHDC.obj</file>
         <name>UsbPHDC.obj</name>
      </input_file>
      <input_file id="fl-e">
         <path>.\USB_app\</path>
         <kind>object</kind>
         <file>usbConstructs.obj</file>
         <name>usbConstructs.obj</name>
      </input_file>
      <input_file id="fl-f">
         <path>.\USB_app\</path>
         <kind>object</kind>
         <file>usbEventHandling.obj</file>
         <name>usbEventHandling.obj</name>
      </input_file>
      <input_file id="fl-10">
         <path>.\USB_config\</path>
         <kind>object</kind>
         <file>UsbIsr.obj</file>
         <name>UsbIsr.obj</name>
      </input_file>
      <input_file id="fl-11">
         <path>.\USB_config\</path>
         <kind>object</kind>
         <file>descriptors.obj</file>
         <name>descriptors.obj</name>
      </input_file>
      <input_file id="fl-12">
         <path>.\driverlib\MSP430F5xx_6xx\</path>
         <kind>object</kind>
         <file>adc10_a.obj</file>
         <name>adc10_a.obj</name>
      </input_file>
      <input_file id="fl-13">
         <path>.\driverlib\MSP430F5xx_6xx\</path>
         <kind>object</kind>
         <file>adc12_a.obj</file>
         <name>adc12_a.obj</name>
      </input_file>
      <input_file id="fl-14">
         <path>.\driverlib\MSP430F5xx_6xx\</path>
         <kind>object</kind>
         <file>aes.obj</file>
         <name>aes.obj</name>
      </input_file>
      <input_file id="fl-15">
         <path>.\driverlib\MSP430F5xx_6xx\</path>
         <kind>object</kind>
         <file>battbak.obj</file>
         <name>battbak.obj</name>
      </input_file>
      <input_file id="fl-16">
         <path>.\driverlib\MSP430F5xx_6xx\</path>
         <kind>object</kind>
         <file>comp_b.obj</file>
         <name>comp_b.obj</name>
      </input_file>
      <input_file id="fl-17">
         <path>.\driverlib\MSP430F5xx_6xx\</path>
         <kind>object</kind>
         <file>crc.obj</file>
         <name>crc.obj</name>
      </input_file>
      <input_file id="fl-18">
         <path>.\driverlib\MSP430F5xx_6xx\</path>
         <kind>object</kind>
         <file>ctsd16.obj</file>
         <name>ctsd16.obj</name>
      </input_file>
      <input_file id="fl-19">
         <path>.\driverlib\MSP430F5xx_6xx\</path>
         <kind>object</kind>
         <file>dac12_a.obj</file>
         <name>dac12_a.obj</name>
      </input_file>
      <input_file id="fl-1a">
         <path>.\driverlib\MSP430F5xx_6xx\</path>
         <kind>object</kind>
         <file>dma.obj</file>
         <name>dma.obj</name>
      </input_file>
      <input_file id="fl-1b">
         <path>.\driverlib\MSP430F5xx_6xx\</path>
         <kind>object</kind>
         <file>eusci_a_spi.obj</file>
         <name>eusci_a_spi.obj</name>
      </input_file>
      <input_file id="fl-1c">
         <path>.\driverlib\MSP430F5xx_6xx\</path>
         <kind>object</kind>
         <file>eusci_a_uart.obj</file>
         <name>eusci_a_uart.obj</name>
      </input_file>
      <input_file id="fl-1d">
         <path>.\driverlib\MSP430F5xx_6xx\</path>
         <kind>object</kind>
         <file>eusci_b_i2c.obj</file>
         <name>eusci_b_i2c.obj</name>
      </input_file>
      <input_file id="fl-1e">
         <path>.\driverlib\MSP430F5xx_6xx\</path>
         <kind>object</kind>
         <file>eusci_b_spi.obj</file>
         <name>eusci_b_spi.obj</name>
      </input_file>
      <input_file id="fl-1f">
         <path>.\driverlib\MSP430F5xx_6xx\</path>
         <kind>object</kind>
         <file>flashctl.obj</file>
         <name>flashctl.obj</name>
      </input_file>
      <input_file id="fl-20">
         <path>.\driverlib\MSP430F5xx_6xx\</path>
         <kind>object</kind>
         <file>gpio.obj</file>
         <name>gpio.obj</name>
      </input_file>
      <input_file id="fl-21">
         <path>.\driverlib\MSP430F5xx_6xx\</path>
         <kind>object</kind>
         <file>lcd_b.obj</file>
         <name>lcd_b.obj</name>
      </input_file>
      <input_file id="fl-22">
         <path>.\driverlib\MSP430F5xx_6xx\</path>
         <kind>object</kind>
         <file>ldopwr.obj</file>
         <name>ldopwr.obj</name>
      </input_file>
      <input_file id="fl-23">
         <path>.\driverlib\MSP430F5xx_6xx\</path>
         <kind>object</kind>
         <file>mpy32.obj</file>
         <name>mpy32.obj</name>
      </input_file>
      <input_file id="fl-24">
         <path>.\driverlib\MSP430F5xx_6xx\</path>
         <kind>object</kind>
         <file>oa.obj</file>
         <name>oa.obj</name>
      </input_file>
      <input_file id="fl-25">
         <path>.\driverlib\MSP430F5xx_6xx\</path>
         <kind>object</kind>
         <file>pmap.obj</file>
         <name>pmap.obj</name>
      </input_file>
      <input_file id="fl-26">
         <path>.\driverlib\MSP430F5xx_6xx\</path>
         <kind>object</kind>
         <file>pmm.obj</file>
         <name>pmm.obj</name>
      </input_file>
      <input_file id="fl-27">
         <path>.\driverlib\MSP430F5xx_6xx\</path>
         <kind>object</kind>
         <file>ram.obj</file>
         <name>ram.obj</name>
      </input_file>
      <input_file id="fl-28">
         <path>.\driverlib\MSP430F5xx_6xx\</path>
         <kind>object</kind>
         <file>ref.obj</file>
         <name>ref.obj</name>
      </input_file>
      <input_file id="fl-29">
         <path>.\driverlib\MSP430F5xx_6xx\</path>
         <kind>object</kind>
         <file>rtc_a.obj</file>
         <name>rtc_a.obj</name>
      </input_file>
      <input_file id="fl-2a">
         <path>.\driverlib\MSP430F5xx_6xx\</path>
         <kind>object</kind>
         <file>rtc_b.obj</file>
         <name>rtc_b.obj</name>
      </input_file>
      <input_file id="fl-2b">
         <path>.\driverlib\MSP430F5xx_6xx\</path>
         <kind>object</kind>
         <file>rtc_c.obj</file>
         <name>rtc_c.obj</name>
      </input_file>
      <input_file id="fl-2c">
         <path>.\driverlib\MSP430F5xx_6xx\</path>
         <kind>object</kind>
         <file>sd24_b.obj</file>
         <name>sd24_b.obj</name>
      </input_file>
      <input_file id="fl-2d">
         <path>.\driverlib\MSP430F5xx_6xx\</path>
         <kind>object</kind>
         <file>sfr.obj</file>
         <name>sfr.obj</name>
      </input_file>
      <input_file id="fl-2e">
         <path>.\driverlib\MSP430F5xx_6xx\</path>
         <kind>object</kind>
         <file>sysctl.obj</file>
         <name>sysctl.obj</name>
      </input_file>
      <input_file id="fl-2f">
         <path>.\driverlib\MSP430F5xx_6xx\</path>
         <kind>object</kind>
         <file>tec.obj</file>
         <name>tec.obj</name>
      </input_file>
      <input_file id="fl-30">
         <path>.\driverlib\MSP430F5xx_6xx\</path>
         <kind>object</kind>
         <file>timer_a.obj</file>
         <name>timer_a.obj</name>
      </input_file>
      <input_file id="fl-31">
         <path>.\driverlib\MSP430F5xx_6xx\</path>
         <kind>object</kind>
         <file>timer_b.obj</file>
         <name>timer_b.obj</name>
      </input_file>
      <input_file id="fl-32">
         <path>.\driverlib\MSP430F5xx_6xx\</path>
         <kind>object</kind>
         <file>timer_d.obj</file>
         <name>timer_d.obj</name>
      </input_file>
      <input_file id="fl-33">
         <path>.\driverlib\MSP430F5xx_6xx\</path>
         <kind>object</kind>
         <file>tlv.obj</file>
         <name>tlv.obj</name>
      </input_file>
      <input_file id="fl-34">
         <path>.\driverlib\MSP430F5xx_6xx\</path>
         <kind>object</kind>
         <file>ucs.obj</file>
         <name>ucs.obj</name>
      </input_file>
      <input_file id="fl-35">
         <path>.\driverlib\MSP430F5xx_6xx\</path>
         <kind>object</kind>
         <file>usci_a_spi.obj</file>
         <name>usci_a_spi.obj</name>
      </input_file>
      <input_file id="fl-36">
         <path>.\driverlib\MSP430F5xx_6xx\</path>
         <kind>object</kind>
         <file>usci_a_uart.obj</file>
         <name>usci_a_uart.obj</name>
      </input_file>
      <input_file id="fl-37">
         <path>.\driverlib\MSP430F5xx_6xx\</path>
         <kind>object</kind>
         <file>usci_b_i2c.obj</file>
         <name>usci_b_i2c.obj</name>
      </input_file>
      <input_file id="fl-38">
         <path>.\driverlib\MSP430F5xx_6xx\</path>
         <kind>object</kind>
         <file>usci_b_spi.obj</file>
         <name>usci_b_spi.obj</name>
      </input_file>
      <input_file id="fl-39">
         <path>.\driverlib\MSP430F5xx_6xx\</path>
         <kind>object</kind>
         <file>wdt_a.obj</file>
         <name>wdt_a.obj</name>
      </input_file>
      <input_file id="fl-40">
         <kind>object</kind>
         <file>&lt;internal&gt;</file>
         <name>&lt;internal&gt;</name>
      </input_file>
      <input_file id="fl-5b">
         <path>C:\ti\ccs1011\ccs\tools\compiler\ti-cgt-msp430_20.2.3.LTS\lib\</path>
         <kind>archive</kind>
         <file>rts430x_lc_rd_eabi.lib</file>
         <name>div16s.asm.obj</name>
      </input_file>
      <input_file id="fl-5c">
         <path>C:\ti\ccs1011\ccs\tools\compiler\ti-cgt-msp430_20.2.3.LTS\lib\</path>
         <kind>archive</kind>
         <file>rts430x_lc_rd_eabi.lib</file>
         <name>div16u.asm.obj</name>
      </input_file>
      <input_file id="fl-5d">
         <path>C:\ti\ccs1011\ccs\tools\compiler\ti-cgt-msp430_20.2.3.LTS\lib\</path>
         <kind>archive</kind>
         <file>rts430x_lc_rd_eabi.lib</file>
         <name>div32s.asm.obj</name>
      </input_file>
      <input_file id="fl-5e">
         <path>C:\ti\ccs1011\ccs\tools\compiler\ti-cgt-msp430_20.2.3.LTS\lib\</path>
         <kind>archive</kind>
         <file>rts430x_lc_rd_eabi.lib</file>
         <name>div32u.asm.obj</name>
      </input_file>
      <input_file id="fl-5f">
         <path>C:\ti\ccs1011\ccs\tools\compiler\ti-cgt-msp430_20.2.3.LTS\lib\</path>
         <kind>archive</kind>
         <file>rts430x_lc_rd_eabi.lib</file>
         <name>int41.asm.obj</name>
      </input_file>
      <input_file id="fl-60">
         <path>C:\ti\ccs1011\ccs\tools\compiler\ti-cgt-msp430_20.2.3.LTS\lib\</path>
         <kind>archive</kind>
         <file>rts430x_lc_rd_eabi.lib</file>
         <name>int42.asm.obj</name>
      </input_file>
      <input_file id="fl-61">
         <path>C:\ti\ccs1011\ccs\tools\compiler\ti-cgt-msp430_20.2.3.LTS\lib\</path>
         <kind>archive</kind>
         <file>rts430x_lc_rd_eabi.lib</file>
         <name>int43.asm.obj</name>
      </input_file>
      <input_file id="fl-62">
         <path>C:\ti\ccs1011\ccs\tools\compiler\ti-cgt-msp430_20.2.3.LTS\lib\</path>
         <kind>archive</kind>
         <file>rts430x_lc_rd_eabi.lib</file>
         <name>int44.asm.obj</name>
      </input_file>
      <input_file id="fl-63">
         <path>C:\ti\ccs1011\ccs\tools\compiler\ti-cgt-msp430_20.2.3.LTS\lib\</path>
         <kind>archive</kind>
         <file>rts430x_lc_rd_eabi.lib</file>
         <name>int45.asm.obj</name>
      </input_file>
      <input_file id="fl-64">
         <path>C:\ti\ccs1011\ccs\tools\compiler\ti-cgt-msp430_20.2.3.LTS\lib\</path>
         <kind>archive</kind>
         <file>rts430x_lc_rd_eabi.lib</file>
         <name>int46.asm.obj</name>
      </input_file>
      <input_file id="fl-65">
         <path>C:\ti\ccs1011\ccs\tools\compiler\ti-cgt-msp430_20.2.3.LTS\lib\</path>
         <kind>archive</kind>
         <file>rts430x_lc_rd_eabi.lib</file>
         <name>int47.asm.obj</name>
      </input_file>
      <input_file id="fl-66">
         <path>C:\ti\ccs1011\ccs\tools\compiler\ti-cgt-msp430_20.2.3.LTS\lib\</path>
         <kind>archive</kind>
         <file>rts430x_lc_rd_eabi.lib</file>
         <name>int48.asm.obj</name>
      </input_file>
      <input_file id="fl-67">
         <path>C:\ti\ccs1011\ccs\tools\compiler\ti-cgt-msp430_20.2.3.LTS\lib\</path>
         <kind>archive</kind>
         <file>rts430x_lc_rd_eabi.lib</file>
         <name>int49.asm.obj</name>
      </input_file>
      <input_file id="fl-68">
         <path>C:\ti\ccs1011\ccs\tools\compiler\ti-cgt-msp430_20.2.3.LTS\lib\</path>
         <kind>archive</kind>
         <file>rts430x_lc_rd_eabi.lib</file>
         <name>int50.asm.obj</name>
      </input_file>
      <input_file id="fl-69">
         <path>C:\ti\ccs1011\ccs\tools\compiler\ti-cgt-msp430_20.2.3.LTS\lib\</path>
         <kind>archive</kind>
         <file>rts430x_lc_rd_eabi.lib</file>
         <name>int52.asm.obj</name>
      </input_file>
      <input_file id="fl-6a">
         <path>C:\ti\ccs1011\ccs\tools\compiler\ti-cgt-msp430_20.2.3.LTS\lib\</path>
         <kind>archive</kind>
         <file>rts430x_lc_rd_eabi.lib</file>
         <name>int54.asm.obj</name>
      </input_file>
      <input_file id="fl-6b">
         <path>C:\ti\ccs1011\ccs\tools\compiler\ti-cgt-msp430_20.2.3.LTS\lib\</path>
         <kind>archive</kind>
         <file>rts430x_lc_rd_eabi.lib</file>
         <name>int55.asm.obj</name>
      </input_file>
      <input_file id="fl-6c">
         <path>C:\ti\ccs1011\ccs\tools\compiler\ti-cgt-msp430_20.2.3.LTS\lib\</path>
         <kind>archive</kind>
         <file>rts430x_lc_rd_eabi.lib</file>
         <name>int56.asm.obj</name>
      </input_file>
      <input_file id="fl-6d">
         <path>C:\ti\ccs1011\ccs\tools\compiler\ti-cgt-msp430_20.2.3.LTS\lib\</path>
         <kind>archive</kind>
         <file>rts430x_lc_rd_eabi.lib</file>
         <name>int57.asm.obj</name>
      </input_file>
      <input_file id="fl-6e">
         <path>C:\ti\ccs1011\ccs\tools\compiler\ti-cgt-msp430_20.2.3.LTS\lib\</path>
         <kind>archive</kind>
         <file>rts430x_lc_rd_eabi.lib</file>
         <name>int58.asm.obj</name>
      </input_file>
      <input_file id="fl-6f">
         <path>C:\ti\ccs1011\ccs\tools\compiler\ti-cgt-msp430_20.2.3.LTS\lib\</path>
         <kind>archive</kind>
         <file>rts430x_lc_rd_eabi.lib</file>
         <name>int59.asm.obj</name>
      </input_file>
      <input_file id="fl-70">
         <path>C:\ti\ccs1011\ccs\tools\compiler\ti-cgt-msp430_20.2.3.LTS\lib\</path>
         <kind>archive</kind>
         <file>rts430x_lc_rd_eabi.lib</file>
         <name>int60.asm.obj</name>
      </input_file>
      <input_file id="fl-71">
         <path>C:\ti\ccs1011\ccs\tools\compiler\ti-cgt-msp430_20.2.3.LTS\lib\</path>
         <kind>archive</kind>
         <file>rts430x_lc_rd_eabi.lib</file>
         <name>int62.asm.obj</name>
      </input_file>
      <input_file id="fl-72">
         <path>C:\ti\ccs1011\ccs\tools\compiler\ti-cgt-msp430_20.2.3.LTS\lib\</path>
         <kind>archive</kind>
         <file>rts430x_lc_rd_eabi.lib</file>
         <name>isr_trap.asm.obj</name>
      </input_file>
      <input_file id="fl-73">
         <path>C:\ti\ccs1011\ccs\tools\compiler\ti-cgt-msp430_20.2.3.LTS\lib\</path>
         <kind>archive</kind>
         <file>rts430x_lc_rd_eabi.lib</file>
         <name>lsl16.asm.obj</name>
      </input_file>
      <input_file id="fl-74">
         <path>C:\ti\ccs1011\ccs\tools\compiler\ti-cgt-msp430_20.2.3.LTS\lib\</path>
         <kind>archive</kind>
         <file>rts430x_lc_rd_eabi.lib</file>
         <name>lsl32.asm.obj</name>
      </input_file>
      <input_file id="fl-75">
         <path>C:\ti\ccs1011\ccs\tools\compiler\ti-cgt-msp430_20.2.3.LTS\lib\</path>
         <kind>archive</kind>
         <file>rts430x_lc_rd_eabi.lib</file>
         <name>lsr16.asm.obj</name>
      </input_file>
      <input_file id="fl-76">
         <path>C:\ti\ccs1011\ccs\tools\compiler\ti-cgt-msp430_20.2.3.LTS\lib\</path>
         <kind>archive</kind>
         <file>rts430x_lc_rd_eabi.lib</file>
         <name>lsr32.asm.obj</name>
      </input_file>
      <input_file id="fl-77">
         <path>C:\ti\ccs1011\ccs\tools\compiler\ti-cgt-msp430_20.2.3.LTS\lib\</path>
         <kind>archive</kind>
         <file>rts430x_lc_rd_eabi.lib</file>
         <name>mult16.asm.obj</name>
      </input_file>
      <input_file id="fl-78">
         <path>C:\ti\ccs1011\ccs\tools\compiler\ti-cgt-msp430_20.2.3.LTS\lib\</path>
         <kind>archive</kind>
         <file>rts430x_lc_rd_eabi.lib</file>
         <name>mult16_f5hw.asm.obj</name>
      </input_file>
      <input_file id="fl-79">
         <path>C:\ti\ccs1011\ccs\tools\compiler\ti-cgt-msp430_20.2.3.LTS\lib\</path>
         <kind>archive</kind>
         <file>rts430x_lc_rd_eabi.lib</file>
         <name>mult1632_f5hw.asm.obj</name>
      </input_file>
      <input_file id="fl-7a">
         <path>C:\ti\ccs1011\ccs\tools\compiler\ti-cgt-msp430_20.2.3.LTS\lib\</path>
         <kind>archive</kind>
         <file>rts430x_lc_rd_eabi.lib</file>
         <name>mult32.asm.obj</name>
      </input_file>
      <input_file id="fl-7b">
         <path>C:\ti\ccs1011\ccs\tools\compiler\ti-cgt-msp430_20.2.3.LTS\lib\</path>
         <kind>archive</kind>
         <file>rts430x_lc_rd_eabi.lib</file>
         <name>mult32_f5hw.asm.obj</name>
      </input_file>
      <input_file id="fl-7c">
         <path>C:\ti\ccs1011\ccs\tools\compiler\ti-cgt-msp430_20.2.3.LTS\lib\</path>
         <kind>archive</kind>
         <file>rts430x_lc_rd_eabi.lib</file>
         <name>mult3264_f5hw.asm.obj</name>
      </input_file>
      <input_file id="fl-7d">
         <path>C:\ti\ccs1011\ccs\tools\compiler\ti-cgt-msp430_20.2.3.LTS\lib\</path>
         <kind>archive</kind>
         <file>rts430x_lc_rd_eabi.lib</file>
         <name>mult64_f5hw.asm.obj</name>
      </input_file>
      <input_file id="fl-7e">
         <path>C:\ti\ccs1011\ccs\tools\compiler\ti-cgt-msp430_20.2.3.LTS\lib\</path>
         <kind>archive</kind>
         <file>rts430x_lc_rd_eabi.lib</file>
         <name>boot.c.obj</name>
      </input_file>
      <input_file id="fl-7f">
         <path>C:\ti\ccs1011\ccs\tools\compiler\ti-cgt-msp430_20.2.3.LTS\lib\</path>
         <kind>archive</kind>
         <file>rts430x_lc_rd_eabi.lib</file>
         <name>autoinit.c.obj</name>
      </input_file>
      <input_file id="fl-80">
         <path>C:\ti\ccs1011\ccs\tools\compiler\ti-cgt-msp430_20.2.3.LTS\lib\</path>
         <kind>archive</kind>
         <file>rts430x_lc_rd_eabi.lib</file>
         <name>copy_zero_init.c.obj</name>
      </input_file>
      <input_file id="fl-81">
         <path>C:\ti\ccs1011\ccs\tools\compiler\ti-cgt-msp430_20.2.3.LTS\lib\</path>
         <kind>archive</kind>
         <file>rts430x_lc_rd_eabi.lib</file>
         <name>cpy_tbl.c.obj</name>
      </input_file>
      <input_file id="fl-82">
         <path>C:\ti\ccs1011\ccs\tools\compiler\ti-cgt-msp430_20.2.3.LTS\lib\</path>
         <kind>archive</kind>
         <file>rts430x_lc_rd_eabi.lib</file>
         <name>mpu_init.c.obj</name>
      </input_file>
      <input_file id="fl-83">
         <path>C:\ti\ccs1011\ccs\tools\compiler\ti-cgt-msp430_20.2.3.LTS\lib\</path>
         <kind>archive</kind>
         <file>rts430x_lc_rd_eabi.lib</file>
         <name>startup.c.obj</name>
      </input_file>
      <input_file id="fl-84">
         <path>C:\ti\ccs1011\ccs\tools\compiler\ti-cgt-msp430_20.2.3.LTS\lib\</path>
         <kind>archive</kind>
         <file>rts430x_lc_rd_eabi.lib</file>
         <name>copy_decompress_none.c.obj</name>
      </input_file>
      <input_file id="fl-85">
         <path>C:\ti\ccs1011\ccs\tools\compiler\ti-cgt-msp430_20.2.3.LTS\lib\</path>
         <kind>archive</kind>
         <file>rts430x_lc_rd_eabi.lib</file>
         <name>copy_decompress_lzss.c.obj</name>
      </input_file>
      <input_file id="fl-86">
         <path>C:\ti\ccs1011\ccs\tools\compiler\ti-cgt-msp430_20.2.3.LTS\lib\</path>
         <kind>archive</kind>
         <file>rts430x_lc_rd_eabi.lib</file>
         <name>exit.c.obj</name>
      </input_file>
      <input_file id="fl-87">
         <path>C:\ti\ccs1011\ccs\tools\compiler\ti-cgt-msp430_20.2.3.LTS\lib\</path>
         <kind>archive</kind>
         <file>rts430x_lc_rd_eabi.lib</file>
         <name>_lock.c.obj</name>
      </input_file>
      <input_file id="fl-88">
         <path>C:\ti\ccs1011\ccs\tools\compiler\ti-cgt-msp430_20.2.3.LTS\lib\</path>
         <kind>archive</kind>
         <file>rts430x_lc_rd_eabi.lib</file>
         <name>args_main.c.obj</name>
      </input_file>
      <input_file id="fl-89">
         <path>C:\ti\ccs1011\ccs\tools\compiler\ti-cgt-msp430_20.2.3.LTS\lib\</path>
         <kind>archive</kind>
         <file>rts430x_lc_rd_eabi.lib</file>
         <name>memcpy.c.obj</name>
      </input_file>
      <input_file id="fl-8a">
         <path>C:\ti\ccs1011\ccs\tools\compiler\ti-cgt-msp430_20.2.3.LTS\lib\</path>
         <kind>archive</kind>
         <file>rts430x_lc_rd_eabi.lib</file>
         <name>memset.c.obj</name>
      </input_file>
      <input_file id="fl-8b">
         <path>C:\ti\ccs1011\ccs\tools\compiler\ti-cgt-msp430_20.2.3.LTS\lib\</path>
         <kind>archive</kind>
         <file>rts430x_lc_rd_eabi.lib</file>
         <name>strcat.c.obj</name>
      </input_file>
      <input_file id="fl-8c">
         <path>C:\ti\ccs1011\ccs\tools\compiler\ti-cgt-msp430_20.2.3.LTS\lib\</path>
         <kind>archive</kind>
         <file>rts430x_lc_rd_eabi.lib</file>
         <name>strcmp.c.obj</name>
      </input_file>
      <input_file id="fl-8d">
         <path>C:\ti\ccs1011\ccs\tools\compiler\ti-cgt-msp430_20.2.3.LTS\lib\</path>
         <kind>archive</kind>
         <file>rts430x_lc_rd_eabi.lib</file>
         <name>strlen.c.obj</name>
      </input_file>
      <input_file id="fl-8e">
         <path>C:\ti\ccs1011\ccs\tools\compiler\ti-cgt-msp430_20.2.3.LTS\lib\</path>
         <kind>archive</kind>
         <file>rts430x_lc_rd_eabi.lib</file>
         <name>strncpy.c.obj</name>
      </input_file>
      <input_file id="fl-8f">
         <path>C:\ti\ccs1011\ccs\tools\compiler\ti-cgt-msp430_20.2.3.LTS\lib\</path>
         <kind>archive</kind>
         <file>rts430x_lc_rd_eabi.lib</file>
         <name>exit_gvars.c.obj</name>
      </input_file>
   </input_file_list>
   <object_component_list>
      <object_component id="oc-67c">
         <name>.bss:CdcControl</name>
         <uninitialized>true</uninitialized>
         <run_address>0x2458</run_address>
         <size>0x8</size>
         <input_file_ref idref="fl-5"/>
      </object_component>
      <object_component id="oc-546">
         <name>.bss</name>
         <uninitialized>true</uninitialized>
         <run_address>0x243c</run_address>
         <size>0x10</size>
         <input_file_ref idref="fl-6"/>
      </object_component>
      <object_component id="oc-564">
         <name>.common:CdcWriteCtrl</name>
         <uninitialized>true</uninitialized>
         <run_address>0x244c</run_address>
         <size>0xc</size>
      </object_component>
      <object_component id="oc-4e9">
         <name>.common:CdcReadCtrl</name>
         <uninitialized>true</uninitialized>
         <run_address>0x2422</run_address>
         <size>0x1a</size>
      </object_component>
      <object_component id="oc-549">
         <name>.common:wBytesRemainingOnIEP0</name>
         <uninitialized>true</uninitialized>
         <run_address>0x2478</run_address>
         <size>0x2</size>
      </object_component>
      <object_component id="oc-54a">
         <name>.common:wBytesRemainingOnOEP0</name>
         <uninitialized>true</uninitialized>
         <run_address>0x247a</run_address>
         <size>0x2</size>
      </object_component>
      <object_component id="oc-4d7">
         <name>.common:abUsbRequestReturnData</name>
         <uninitialized>true</uninitialized>
         <run_address>0x2468</run_address>
         <size>0x8</size>
      </object_component>
      <object_component id="oc-695">
         <name>.common:abUsbRequestIncomingData</name>
         <uninitialized>true</uninitialized>
         <run_address>0x2460</run_address>
         <size>0x8</size>
      </object_component>
      <object_component id="oc-86e">
         <name>.common:abramSerialStringDescriptor</name>
         <uninitialized>true</uninitialized>
         <run_address>0x2400</run_address>
         <size>0x22</size>
      </object_component>
      <object_component id="oc-4d6">
         <name>.common:bStatusAction</name>
         <uninitialized>true</uninitialized>
         <run_address>0x247e</run_address>
         <size>0x1</size>
      </object_component>
      <object_component id="oc-420">
         <name>.common:wUsbEventMask</name>
         <uninitialized>true</uninitialized>
         <run_address>0x247c</run_address>
         <size>0x2</size>
      </object_component>
      <object_component id="oc-56b">
         <name>.common:USB_TX_memcpy</name>
         <uninitialized>true</uninitialized>
         <run_address>0x2474</run_address>
         <size>0x4</size>
      </object_component>
      <object_component id="oc-669">
         <name>.common:USB_RX_memcpy</name>
         <uninitialized>true</uninitialized>
         <run_address>0x2470</run_address>
         <size>0x4</size>
      </object_component>
      <object_component id="oc-525">
         <name>.data</name>
         <load_address>0x24d6</load_address>
         <run_address>0x24d6</run_address>
         <size>0x6</size>
         <input_file_ref idref="fl-3"/>
      </object_component>
      <object_component id="oc-5c0">
         <name>.data:wholeString</name>
         <load_address>0x2480</load_address>
         <run_address>0x2480</run_address>
         <size>0x40</size>
         <input_file_ref idref="fl-3"/>
      </object_component>
      <object_component id="oc-6d7">
         <name>.data:Timer_A_params</name>
         <load_address>0x24c0</load_address>
         <run_address>0x24c0</run_address>
         <size>0xe</size>
         <input_file_ref idref="fl-3"/>
      </object_component>
      <object_component id="oc-500">
         <name>.data</name>
         <load_address>0x24ce</load_address>
         <run_address>0x24ce</run_address>
         <size>0x8</size>
         <input_file_ref idref="fl-6"/>
      </object_component>
      <object_component id="oc-38d">
         <name>.stack</name>
         <uninitialized>true</uninitialized>
         <run_address>0x4360</run_address>
         <size>0x4</size>
         <input_file_ref idref="fl-7e"/>
      </object_component>
      <object_component id="oc-97c">
         <name>.stack</name>
         <uninitialized>true</uninitialized>
         <run_address>0x4360</run_address>
         <size>0x0</size>
      </object_component>
      <object_component id="oc-6f6">
         <name>.text:USBCDC_receiveData</name>
         <load_address>0x10000</load_address>
         <run_address>0x10000</run_address>
         <size>0x1c8</size>
         <input_file_ref idref="fl-5"/>
      </object_component>
      <object_component id="oc-471">
         <name>.text:CdcToHostFromBuffer</name>
         <load_address>0x101c8</load_address>
         <run_address>0x101c8</run_address>
         <size>0x160</size>
         <input_file_ref idref="fl-5"/>
      </object_component>
      <object_component id="oc-4ac">
         <name>.text:main</name>
         <load_address>0x10328</load_address>
         <run_address>0x10328</run_address>
         <size>0x154</size>
         <input_file_ref idref="fl-3"/>
      </object_component>
      <object_component id="oc-447">
         <name>.text:USB_reset</name>
         <load_address>0x1047c</load_address>
         <run_address>0x1047c</run_address>
         <size>0x13e</size>
         <input_file_ref idref="fl-6"/>
      </object_component>
      <object_component id="oc-429">
         <name>.text:CdcToBufferFromHost</name>
         <load_address>0x105ba</load_address>
         <run_address>0x105ba</run_address>
         <size>0x11a</size>
         <input_file_ref idref="fl-5"/>
      </object_component>
      <object_component id="oc-536">
         <name>.text:USB_enable</name>
         <load_address>0x106d4</load_address>
         <run_address>0x106d4</run_address>
         <size>0xfc</size>
         <input_file_ref idref="fl-6"/>
      </object_component>
      <object_component id="oc-7d7">
         <name>.text:UCS_initFLL</name>
         <load_address>0x107d0</load_address>
         <run_address>0x107d0</run_address>
         <size>0xe2</size>
         <input_file_ref idref="fl-34"/>
      </object_component>
      <object_component id="oc-5c9">
         <name>.text:retInString</name>
         <load_address>0x108b2</load_address>
         <run_address>0x108b2</run_address>
         <size>0xce</size>
         <input_file_ref idref="fl-3"/>
      </object_component>
      <object_component id="oc-6b2">
         <name>.text:PMM_setVCoreUp</name>
         <load_address>0x10980</load_address>
         <run_address>0x10980</run_address>
         <size>0xcc</size>
         <input_file_ref idref="fl-26"/>
      </object_component>
      <object_component id="oc-710">
         <name>.text:USBCDC_getInterfaceStatus</name>
         <load_address>0x10a4c</load_address>
         <run_address>0x10a4c</run_address>
         <size>0xc6</size>
         <input_file_ref idref="fl-5"/>
      </object_component>
      <object_component id="oc-7f4">
         <name>.text:USB_InitSerialStringDescriptor</name>
         <load_address>0x10b12</load_address>
         <run_address>0x10b12</run_address>
         <size>0xc6</size>
         <input_file_ref idref="fl-6"/>
      </object_component>
      <object_component id="oc-553">
         <name>.text:USB_determineFreq</name>
         <load_address>0x10bd8</load_address>
         <run_address>0x10bd8</run_address>
         <size>0xbc</size>
         <input_file_ref idref="fl-6"/>
      </object_component>
      <object_component id="oc-7e2">
         <name>.text:USB_determineXT2Freq</name>
         <load_address>0x10c94</load_address>
         <run_address>0x10c94</run_address>
         <size>0xa4</size>
         <input_file_ref idref="fl-6"/>
      </object_component>
      <object_component id="oc-59c">
         <name>.text:USBHAL_initPorts</name>
         <load_address>0x10d38</load_address>
         <run_address>0x10d38</run_address>
         <size>0x98</size>
         <input_file_ref idref="fl-2"/>
      </object_component>
      <object_component id="oc-6e7">
         <name>.text:USB_init</name>
         <load_address>0x10dd0</load_address>
         <run_address>0x10dd0</run_address>
         <size>0x98</size>
         <input_file_ref idref="fl-6"/>
      </object_component>
      <object_component id="oc-5f4">
         <name>.text:USB_getConnectionState</name>
         <load_address>0x10e68</load_address>
         <run_address>0x10e68</run_address>
         <size>0x96</size>
         <input_file_ref idref="fl-6"/>
      </object_component>
      <object_component id="oc-6ac">
         <name>.text:PMM_setVCoreDown</name>
         <load_address>0x10efe</load_address>
         <run_address>0x10efe</run_address>
         <size>0x94</size>
         <input_file_ref idref="fl-26"/>
      </object_component>
      <object_component id="oc-41a">
         <name>.text:USBCDC_getBytesInUSBBuffer</name>
         <load_address>0x10f92</load_address>
         <run_address>0x10f92</run_address>
         <size>0x90</size>
         <input_file_ref idref="fl-5"/>
      </object_component>
      <object_component id="oc-6c0">
         <name>.text:UCS_initClockSignal</name>
         <load_address>0x11022</load_address>
         <run_address>0x11022</run_address>
         <size>0x8c</size>
         <input_file_ref idref="fl-34"/>
      </object_component>
      <object_component id="oc-4d8">
         <name>.text:usbDecodeAndProcessUsbRequest</name>
         <load_address>0x110ae</load_address>
         <run_address>0x110ae</run_address>
         <size>0x88</size>
         <input_file_ref idref="fl-6"/>
      </object_component>
      <object_component id="oc-716">
         <name>.text:USBCDC_sendData</name>
         <load_address>0x11136</load_address>
         <run_address>0x11136</run_address>
         <size>0x7a</size>
         <input_file_ref idref="fl-5"/>
      </object_component>
      <object_component id="oc-529">
         <name>.text:CopyUsbToBuff</name>
         <load_address>0x111b0</load_address>
         <run_address>0x111b0</run_address>
         <size>0x76</size>
         <input_file_ref idref="fl-5"/>
      </object_component>
      <object_component id="oc-6e0">
         <name>.text:Timer_A_initUpMode</name>
         <load_address>0x11226</load_address>
         <run_address>0x11226</run_address>
         <size>0x76</size>
         <input_file_ref idref="fl-30"/>
      </object_component>
      <object_component id="oc-6d">
         <name>.text:decompress:lzss:__TI_decompress_lzss</name>
         <load_address>0x1129c</load_address>
         <run_address>0x1129c</run_address>
         <size>0x76</size>
         <input_file_ref idref="fl-85"/>
      </object_component>
      <object_component id="oc-57c">
         <name>.text:usbSendNextPacketOnIEP0</name>
         <load_address>0x11312</load_address>
         <run_address>0x11312</run_address>
         <size>0x74</size>
         <input_file_ref idref="fl-6"/>
      </object_component>
      <object_component id="oc-453">
         <name>.text:PWRVBUSoffHandler</name>
         <load_address>0x11386</load_address>
         <run_address>0x11386</run_address>
         <size>0x6e</size>
         <input_file_ref idref="fl-10"/>
      </object_component>
      <object_component id="oc-5ee">
         <name>.text:USBCDC_sendDataInBackground</name>
         <load_address>0x113f4</load_address>
         <run_address>0x113f4</run_address>
         <size>0x6e</size>
         <input_file_ref idref="fl-e"/>
      </object_component>
      <object_component id="oc-751">
         <name>.text:usbGetLineCoding</name>
         <load_address>0x11462</load_address>
         <run_address>0x11462</run_address>
         <size>0x6c</size>
         <input_file_ref idref="fl-5"/>
      </object_component>
      <object_component id="oc-799">
         <name>.text:usbGetEndpointStatus</name>
         <load_address>0x114ce</load_address>
         <run_address>0x114ce</run_address>
         <size>0x6a</size>
         <input_file_ref idref="fl-6"/>
      </object_component>
      <object_component id="oc-575">
         <name>.text:Handler_SetLineCoding</name>
         <load_address>0x11538</load_address>
         <run_address>0x11538</run_address>
         <size>0x68</size>
         <input_file_ref idref="fl-5"/>
      </object_component>
      <object_component id="oc-89c">
         <name>.text:memcpyDMA</name>
         <load_address>0x115a0</load_address>
         <run_address>0x115a0</run_address>
         <size>0x64</size>
         <input_file_ref idref="fl-7"/>
      </object_component>
      <object_component id="oc-896">
         <name>.text:DMA_init</name>
         <load_address>0x11604</load_address>
         <run_address>0x11604</run_address>
         <size>0x62</size>
         <input_file_ref idref="fl-1a"/>
      </object_component>
      <object_component id="oc-45f">
         <name>.text:PWRVBUSonHandler</name>
         <load_address>0x11666</load_address>
         <run_address>0x11666</run_address>
         <size>0x62</size>
         <input_file_ref idref="fl-10"/>
      </object_component>
      <object_component id="oc-769">
         <name>.text:usbClearEndpointFeature</name>
         <load_address>0x116c8</load_address>
         <run_address>0x116c8</run_address>
         <size>0x5e</size>
         <input_file_ref idref="fl-6"/>
      </object_component>
      <object_component id="oc-7fa">
         <name>.text:USB_initMemcpy</name>
         <load_address>0x11726</load_address>
         <run_address>0x11726</run_address>
         <size>0x5c</size>
         <input_file_ref idref="fl-7"/>
      </object_component>
      <object_component id="oc-6c6">
         <name>.text</name>
         <load_address>0x11782</load_address>
         <run_address>0x11782</run_address>
         <size>0x58</size>
         <input_file_ref idref="fl-5e"/>
      </object_component>
      <object_component id="oc-61f">
         <name>.text:__TI_auto_init_nobinit_nopinit_hold_wdt:__TI_auto_init_nobinit_nopinit_hold_wdt</name>
         <load_address>0x117da</load_address>
         <run_address>0x117da</run_address>
         <size>0x54</size>
         <input_file_ref idref="fl-7f"/>
      </object_component>
      <object_component id="oc-7b1">
         <name>.text:usbSetEndpointFeature</name>
         <load_address>0x1182e</load_address>
         <run_address>0x1182e</run_address>
         <size>0x52</size>
         <input_file_ref idref="fl-6"/>
      </object_component>
      <object_component id="oc-781">
         <name>.text:usbGetStringDescriptor</name>
         <load_address>0x11880</load_address>
         <run_address>0x11880</run_address>
         <size>0x50</size>
         <input_file_ref idref="fl-6"/>
      </object_component>
      <object_component id="oc-886">
         <name>.text:TLV_getInfo</name>
         <load_address>0x118d0</load_address>
         <run_address>0x118d0</run_address>
         <size>0x4c</size>
         <input_file_ref idref="fl-33"/>
      </object_component>
      <object_component id="oc-5ba">
         <name>.text:USBCDC_receiveDataInBuffer</name>
         <load_address>0x1191c</load_address>
         <run_address>0x1191c</run_address>
         <size>0x4c</size>
         <input_file_ref idref="fl-e"/>
      </object_component>
      <object_component id="oc-56f">
         <name>.text:usbReceiveNextPacketOnOEP0</name>
         <load_address>0x11968</load_address>
         <run_address>0x11968</run_address>
         <size>0x4c</size>
         <input_file_ref idref="fl-6"/>
      </object_component>
      <object_component id="oc-596">
         <name>.text:PMM_setVCore</name>
         <load_address>0x119b4</load_address>
         <run_address>0x119b4</run_address>
         <size>0x4a</size>
         <input_file_ref idref="fl-26"/>
      </object_component>
      <object_component id="oc-40e">
         <name>.text:SetupPacketInterruptHandler</name>
         <load_address>0x119fe</load_address>
         <run_address>0x119fe</run_address>
         <size>0x4a</size>
         <input_file_ref idref="fl-10"/>
      </object_component>
      <object_component id="oc-5ae">
         <name>.text:USB_setup</name>
         <load_address>0x11a48</load_address>
         <run_address>0x11a48</run_address>
         <size>0x4a</size>
         <input_file_ref idref="fl-6"/>
      </object_component>
      <object_component id="oc-672">
         <name>.text:UCS_turnOnXT2WithTimeout</name>
         <load_address>0x11a92</load_address>
         <run_address>0x11a92</run_address>
         <size>0x40</size>
         <input_file_ref idref="fl-34"/>
      </object_component>
      <object_component id="oc-5a2">
         <name>.text:USBHAL_initClocks</name>
         <load_address>0x11ad2</load_address>
         <run_address>0x11ad2</run_address>
         <size>0x3e</size>
         <input_file_ref idref="fl-2"/>
      </object_component>
      <object_component id="oc-696">
         <name>.text:l_lsl_const</name>
         <load_address>0x11b10</load_address>
         <run_address>0x11b10</run_address>
         <size>0x3e</size>
         <input_file_ref idref="fl-74"/>
      </object_component>
      <object_component id="oc-6cb">
         <name>.text:l_lsr_const</name>
         <load_address>0x11b4e</load_address>
         <run_address>0x11b4e</run_address>
         <size>0x3e</size>
         <input_file_ref idref="fl-76"/>
      </object_component>
      <object_component id="oc-477">
         <name>.text:OEP0InterruptHandler</name>
         <load_address>0x11b8c</load_address>
         <run_address>0x11b8c</run_address>
         <size>0x38</size>
         <input_file_ref idref="fl-10"/>
      </object_component>
      <object_component id="oc-7e8">
         <name>.text:USB_lookUpPll</name>
         <load_address>0x11bc4</load_address>
         <run_address>0x11bc4</run_address>
         <size>0x38</size>
         <input_file_ref idref="fl-6"/>
      </object_component>
      <object_component id="oc-5a8">
         <name>.text:initTimer</name>
         <load_address>0x11bfc</load_address>
         <run_address>0x11bfc</run_address>
         <size>0x34</size>
         <input_file_ref idref="fl-3"/>
      </object_component>
      <object_component id="oc-79f">
         <name>.text:usbSetAddress</name>
         <load_address>0x11c30</load_address>
         <run_address>0x11c30</run_address>
         <size>0x34</size>
         <input_file_ref idref="fl-6"/>
      </object_component>
      <object_component id="oc-6d0">
         <name>.text:UCS_initFLLSettle</name>
         <load_address>0x11c64</load_address>
         <run_address>0x11c64</run_address>
         <size>0x32</size>
         <input_file_ref idref="fl-34"/>
      </object_component>
      <object_component id="oc-6ed">
         <name>.text:USB_getConnectionInformation</name>
         <load_address>0x11c96</load_address>
         <run_address>0x11c96</run_address>
         <size>0x32</size>
         <input_file_ref idref="fl-6"/>
      </object_component>
      <object_component id="oc-701">
         <name>.text:strncpy</name>
         <load_address>0x11cc8</load_address>
         <run_address>0x11cc8</run_address>
         <size>0x32</size>
         <input_file_ref idref="fl-8e"/>
      </object_component>
      <object_component id="oc-43b">
         <name>.text:USB_suspend</name>
         <load_address>0x11cfa</load_address>
         <run_address>0x11cfa</run_address>
         <size>0x30</size>
         <input_file_ref idref="fl-6"/>
      </object_component>
      <object_component id="oc-7a5">
         <name>.text:usbSetConfiguration</name>
         <load_address>0x11d2a</load_address>
         <run_address>0x11d2a</run_address>
         <size>0x30</size>
         <input_file_ref idref="fl-6"/>
      </object_component>
      <object_component id="oc-54b">
         <name>.text:CdcResetData</name>
         <load_address>0x11d5a</load_address>
         <run_address>0x11d5a</run_address>
         <size>0x2e</size>
         <input_file_ref idref="fl-5"/>
      </object_component>
      <object_component id="oc-78d">
         <name>.text:usbGetDeviceStatus</name>
         <load_address>0x11d88</load_address>
         <run_address>0x11d88</run_address>
         <size>0x2c</size>
         <input_file_ref idref="fl-6"/>
      </object_component>
      <object_component id="oc-8d1">
         <name>.text:DMA_setDstAddress</name>
         <load_address>0x11db4</load_address>
         <run_address>0x11db4</run_address>
         <size>0x28</size>
         <input_file_ref idref="fl-1a"/>
      </object_component>
      <object_component id="oc-6b9">
         <name>.text:GPIO_setAsOutputPin</name>
         <load_address>0x11ddc</load_address>
         <run_address>0x11ddc</run_address>
         <size>0x28</size>
         <input_file_ref idref="fl-20"/>
      </object_component>
      <object_component id="oc-66c">
         <name>.text:GPIO_setAsPeripheralModuleFunctionOutputPin</name>
         <load_address>0x11e04</load_address>
         <run_address>0x11e04</run_address>
         <size>0x28</size>
         <input_file_ref idref="fl-20"/>
      </object_component>
      <object_component id="oc-8cb">
         <name>.text:DMA_setSrcAddress</name>
         <load_address>0x11e2c</load_address>
         <run_address>0x11e2c</run_address>
         <size>0x26</size>
         <input_file_ref idref="fl-1a"/>
      </object_component>
      <object_component id="oc-3c0">
         <name>.text:decompress:ZI:__TI_zero_init_nomemset:__TI_zero_init_nomemset</name>
         <load_address>0x11e52</load_address>
         <run_address>0x11e52</run_address>
         <size>0x24</size>
         <input_file_ref idref="fl-80"/>
      </object_component>
      <object_component id="oc-763">
         <name>.text:usbClearDeviceFeature</name>
         <load_address>0x11e76</load_address>
         <run_address>0x11e76</run_address>
         <size>0x24</size>
         <input_file_ref idref="fl-6"/>
      </object_component>
      <object_component id="oc-7ab">
         <name>.text:usbSetDeviceFeature</name>
         <load_address>0x11e9a</load_address>
         <run_address>0x11e9a</run_address>
         <size>0x24</size>
         <input_file_ref idref="fl-6"/>
      </object_component>
      <object_component id="oc-48b">
         <name>.text:USB_disable</name>
         <load_address>0x11ebe</load_address>
         <run_address>0x11ebe</run_address>
         <size>0x22</size>
         <input_file_ref idref="fl-6"/>
      </object_component>
      <object_component id="oc-845">
         <name>.text:usbSendDataPacketOnEP0</name>
         <load_address>0x11ee0</load_address>
         <run_address>0x11ee0</run_address>
         <size>0x20</size>
         <input_file_ref idref="fl-6"/>
      </object_component>
      <object_component id="oc-5c3">
         <name>.text:strcat</name>
         <load_address>0x11f00</load_address>
         <run_address>0x11f00</run_address>
         <size>0x1e</size>
         <input_file_ref idref="fl-8b"/>
      </object_component>
      <object_component id="oc-787">
         <name>.text:usbGetInterface</name>
         <load_address>0x11f1e</load_address>
         <run_address>0x11f1e</run_address>
         <size>0x1e</size>
         <input_file_ref idref="fl-6"/>
      </object_component>
      <object_component id="oc-793">
         <name>.text:usbGetInterfaceStatus</name>
         <load_address>0x11f3c</load_address>
         <run_address>0x11f3c</run_address>
         <size>0x1e</size>
         <input_file_ref idref="fl-6"/>
      </object_component>
      <object_component id="oc-5e2">
         <name>.text:GPIO_setOutputHighOnPin</name>
         <load_address>0x11f5a</load_address>
         <run_address>0x11f5a</run_address>
         <size>0x1c</size>
         <input_file_ref idref="fl-20"/>
      </object_component>
      <object_component id="oc-5dc">
         <name>.text:GPIO_setOutputLowOnPin</name>
         <load_address>0x11f76</load_address>
         <run_address>0x11f76</run_address>
         <size>0x1c</size>
         <input_file_ref idref="fl-20"/>
      </object_component>
      <object_component id="oc-484">
         <name>.text:GPIO_toggleOutputOnPin</name>
         <load_address>0x11f92</load_address>
         <run_address>0x11f92</run_address>
         <size>0x1c</size>
         <input_file_ref idref="fl-20"/>
      </object_component>
      <object_component id="oc-47d">
         <name>.text:IEP0InterruptHandler</name>
         <load_address>0x11fae</load_address>
         <run_address>0x11fae</run_address>
         <size>0x1c</size>
         <input_file_ref idref="fl-10"/>
      </object_component>
      <object_component id="oc-890">
         <name>.text:memcpyV</name>
         <load_address>0x11fca</load_address>
         <run_address>0x11fca</run_address>
         <size>0x1c</size>
         <input_file_ref idref="fl-7"/>
      </object_component>
      <object_component id="oc-5d0">
         <name>.text:strcmp</name>
         <load_address>0x11fe6</load_address>
         <run_address>0x11fe6</run_address>
         <size>0x1c</size>
         <input_file_ref idref="fl-8c"/>
      </object_component>
      <object_component id="oc-414">
         <name>.text:CdcIsReceiveInProgress</name>
         <load_address>0x12002</load_address>
         <run_address>0x12002</run_address>
         <size>0x1a</size>
         <input_file_ref idref="fl-5"/>
      </object_component>
      <object_component id="oc-55c">
         <name>.text:USB_connect</name>
         <load_address>0x1201c</load_address>
         <run_address>0x1201c</run_address>
         <size>0x1a</size>
         <input_file_ref idref="fl-6"/>
      </object_component>
      <object_component id="oc-590">
         <name>.text:WDT_A_hold</name>
         <load_address>0x12036</load_address>
         <run_address>0x12036</run_address>
         <size>0x1a</size>
         <input_file_ref idref="fl-39"/>
      </object_component>
      <object_component id="oc-80f">
         <name>.text:usbDisableInEndpointInterrupt</name>
         <load_address>0x12050</load_address>
         <run_address>0x12050</run_address>
         <size>0x1a</size>
         <input_file_ref idref="fl-6"/>
      </object_component>
      <object_component id="oc-4fa">
         <name>.text:usbDisableOutEndpointInterrupt</name>
         <load_address>0x1206a</load_address>
         <run_address>0x1206a</run_address>
         <size>0x1a</size>
         <input_file_ref idref="fl-6"/>
      </object_component>
      <object_component id="oc-7b7">
         <name>.text:usbSetInterface</name>
         <load_address>0x12084</load_address>
         <run_address>0x12084</run_address>
         <size>0x1a</size>
         <input_file_ref idref="fl-6"/>
      </object_component>
      <object_component id="oc-42f">
         <name>.text:USB_resume</name>
         <load_address>0x1209e</load_address>
         <run_address>0x1209e</run_address>
         <size>0x18</size>
         <input_file_ref idref="fl-6"/>
      </object_component>
      <object_component id="oc-4e4">
         <name>.text</name>
         <load_address>0x120b6</load_address>
         <run_address>0x120b6</run_address>
         <size>0x18</size>
         <input_file_ref idref="fl-78"/>
      </object_component>
      <object_component id="oc-5b4">
         <name>.text:memset</name>
         <load_address>0x120ce</load_address>
         <run_address>0x120ce</run_address>
         <size>0x16</size>
         <input_file_ref idref="fl-8a"/>
      </object_component>
      <object_component id="oc-680">
         <name>.text</name>
         <load_address>0x120e4</load_address>
         <run_address>0x120e4</run_address>
         <size>0x16</size>
         <input_file_ref idref="fl-5c"/>
      </object_component>
      <object_component id="oc-77b">
         <name>.text:usbGetConfigurationDescriptor</name>
         <load_address>0x120fa</load_address>
         <run_address>0x120fa</run_address>
         <size>0x16</size>
         <input_file_ref idref="fl-6"/>
      </object_component>
      <object_component id="oc-775">
         <name>.text:usbGetDeviceDescriptor</name>
         <load_address>0x12110</load_address>
         <run_address>0x12110</run_address>
         <size>0x16</size>
         <input_file_ref idref="fl-6"/>
      </object_component>
      <object_component id="oc-465">
         <name>.text:USB_handleVbusOnEvent</name>
         <load_address>0x12126</load_address>
         <run_address>0x12126</run_address>
         <size>0x14</size>
         <input_file_ref idref="fl-f"/>
      </object_component>
      <object_component id="oc-39c">
         <name>.text:memcpy</name>
         <load_address>0x1213a</load_address>
         <run_address>0x1213a</run_address>
         <size>0x14</size>
         <input_file_ref idref="fl-89"/>
      </object_component>
      <object_component id="oc-76f">
         <name>.text:usbGetConfiguration</name>
         <load_address>0x1214e</load_address>
         <run_address>0x1214e</run_address>
         <size>0x14</size>
         <input_file_ref idref="fl-6"/>
      </object_component>
      <object_component id="oc-84c">
         <name>.text:usbReceiveDataPacketOnEP0</name>
         <load_address>0x12162</load_address>
         <run_address>0x12162</run_address>
         <size>0x14</size>
         <input_file_ref idref="fl-6"/>
      </object_component>
      <object_component id="oc-75d">
         <name>.text:usbSetControlLineState</name>
         <load_address>0x12176</load_address>
         <run_address>0x12176</run_address>
         <size>0x14</size>
         <input_file_ref idref="fl-5"/>
      </object_component>
      <object_component id="oc-73">
         <name>.text:decompress:none:__TI_decompress_none</name>
         <load_address>0x1218a</load_address>
         <run_address>0x1218a</run_address>
         <size>0x12</size>
         <input_file_ref idref="fl-84"/>
      </object_component>
      <object_component id="oc-7bd">
         <name>.text:usbInvalidRequest</name>
         <load_address>0x1219c</load_address>
         <run_address>0x1219c</run_address>
         <size>0x12</size>
         <input_file_ref idref="fl-6"/>
      </object_component>
      <object_component id="oc-8f5">
         <name>.text:DMA_disableTransfers</name>
         <load_address>0x121ae</load_address>
         <run_address>0x121ae</run_address>
         <size>0x10</size>
         <input_file_ref idref="fl-1a"/>
      </object_component>
      <object_component id="oc-8e3">
         <name>.text:DMA_enableTransfers</name>
         <load_address>0x121be</load_address>
         <run_address>0x121be</run_address>
         <size>0x10</size>
         <input_file_ref idref="fl-1a"/>
      </object_component>
      <object_component id="oc-8ef">
         <name>.text:DMA_getInterruptStatus</name>
         <load_address>0x121ce</load_address>
         <run_address>0x121ce</run_address>
         <size>0xe</size>
         <input_file_ref idref="fl-1a"/>
      </object_component>
      <object_component id="oc-8e9">
         <name>.text:DMA_startTransfer</name>
         <load_address>0x121dc</load_address>
         <run_address>0x121dc</run_address>
         <size>0xe</size>
         <input_file_ref idref="fl-1a"/>
      </object_component>
      <object_component id="oc-5e8">
         <name>.text:strlen</name>
         <load_address>0x121ea</load_address>
         <run_address>0x121ea</run_address>
         <size>0xe</size>
         <input_file_ref idref="fl-8d"/>
      </object_component>
      <object_component id="oc-859">
         <name>.text:usbSendZeroLengthPacketOnIEP0</name>
         <load_address>0x121f8</load_address>
         <run_address>0x121f8</run_address>
         <size>0xe</size>
         <input_file_ref idref="fl-6"/>
      </object_component>
      <object_component id="oc-8dd">
         <name>.text:DMA_setTransferSize</name>
         <load_address>0x12206</load_address>
         <run_address>0x12206</run_address>
         <size>0xc</size>
         <input_file_ref idref="fl-1a"/>
      </object_component>
      <object_component id="oc-757">
         <name>.text:usbSetLineCoding</name>
         <load_address>0x12212</load_address>
         <run_address>0x12212</run_address>
         <size>0xc</size>
         <input_file_ref idref="fl-5"/>
      </object_component>
      <object_component id="oc-4a6">
         <name>.text:_system_pre_init</name>
         <load_address>0x1221e</load_address>
         <run_address>0x1221e</run_address>
         <size>0xa</size>
         <input_file_ref idref="fl-4"/>
      </object_component>
      <object_component id="oc-65c">
         <name>.text</name>
         <load_address>0x12228</load_address>
         <run_address>0x12228</run_address>
         <size>0xa</size>
         <input_file_ref idref="fl-73"/>
      </object_component>
      <object_component id="oc-685">
         <name>.text</name>
         <load_address>0x12232</load_address>
         <run_address>0x12232</run_address>
         <size>0xa</size>
         <input_file_ref idref="fl-75"/>
      </object_component>
      <object_component id="oc-5d6">
         <name>.text:Timer_A_stop</name>
         <load_address>0x1223c</load_address>
         <run_address>0x1223c</run_address>
         <size>0x8</size>
         <input_file_ref idref="fl-30"/>
      </object_component>
      <object_component id="oc-53e">
         <name>.text:UCS_turnOffXT2</name>
         <load_address>0x12244</load_address>
         <run_address>0x12244</run_address>
         <size>0x8</size>
         <input_file_ref idref="fl-34"/>
      </object_component>
      <object_component id="oc-423">
         <name>.text:USBCDC_handleDataReceived</name>
         <load_address>0x1224c</load_address>
         <run_address>0x1224c</run_address>
         <size>0x8</size>
         <input_file_ref idref="fl-f"/>
      </object_component>
      <object_component id="oc-459">
         <name>.text:USB_handleVbusOffEvent</name>
         <load_address>0x12254</load_address>
         <run_address>0x12254</run_address>
         <size>0x8</size>
         <input_file_ref idref="fl-f"/>
      </object_component>
      <object_component id="oc-8c5">
         <name>.text:DMA_disableTransferDuringReadModifyWrite</name>
         <load_address>0x1225c</load_address>
         <run_address>0x1225c</run_address>
         <size>0x6</size>
         <input_file_ref idref="fl-1a"/>
      </object_component>
      <object_component id="oc-8d7">
         <name>.text:DMA_enableTransferDuringReadModifyWrite</name>
         <load_address>0x12262</load_address>
         <run_address>0x12262</run_address>
         <size>0x6</size>
         <input_file_ref idref="fl-1a"/>
      </object_component>
      <object_component id="oc-497">
         <name>.text:SFR_clearInterrupt</name>
         <load_address>0x12268</load_address>
         <run_address>0x12268</run_address>
         <size>0x6</size>
         <input_file_ref idref="fl-2d"/>
      </object_component>
      <object_component id="oc-6da">
         <name>.text:Timer_A_clearTimerInterrupt</name>
         <load_address>0x1226e</load_address>
         <run_address>0x1226e</run_address>
         <size>0x6</size>
         <input_file_ref idref="fl-30"/>
      </object_component>
      <object_component id="oc-491">
         <name>.text:UCS_clearFaultFlag</name>
         <load_address>0x12274</load_address>
         <run_address>0x12274</run_address>
         <size>0x6</size>
         <input_file_ref idref="fl-34"/>
      </object_component>
      <object_component id="oc-7ee">
         <name>.text:USB_getVersion</name>
         <load_address>0x1227a</load_address>
         <run_address>0x1227a</run_address>
         <size>0x6</size>
         <input_file_ref idref="fl-6"/>
      </object_component>
      <object_component id="oc-5fb">
         <name>.text:abort</name>
         <load_address>0x12280</load_address>
         <run_address>0x12280</run_address>
         <size>0x6</size>
         <input_file_ref idref="fl-86"/>
      </object_component>
      <object_component id="oc-815">
         <name>.text:usbRestoreInEndpointInterrupt</name>
         <load_address>0x12286</load_address>
         <run_address>0x12286</run_address>
         <size>0x6</size>
         <input_file_ref idref="fl-6"/>
      </object_component>
      <object_component id="oc-503">
         <name>.text:usbRestoreOutEndpointInterrupt</name>
         <load_address>0x1228c</load_address>
         <run_address>0x1228c</run_address>
         <size>0x6</size>
         <input_file_ref idref="fl-6"/>
      </object_component>
      <object_component id="oc-52f">
         <name>.text:USBCDC_handleReceiveCompleted</name>
         <load_address>0x12292</load_address>
         <run_address>0x12292</run_address>
         <size>0x4</size>
         <input_file_ref idref="fl-f"/>
      </object_component>
      <object_component id="oc-565">
         <name>.text:USBCDC_handleSendCompleted</name>
         <load_address>0x12296</load_address>
         <run_address>0x12296</run_address>
         <size>0x4</size>
         <input_file_ref idref="fl-f"/>
      </object_component>
      <object_component id="oc-853">
         <name>.text:USBCDC_handleSetControlLineState</name>
         <load_address>0x1229a</load_address>
         <run_address>0x1229a</run_address>
         <size>0x4</size>
         <input_file_ref idref="fl-f"/>
      </object_component>
      <object_component id="oc-69b">
         <name>.text:USBCDC_handleSetLineCoding</name>
         <load_address>0x1229e</load_address>
         <run_address>0x1229e</run_address>
         <size>0x4</size>
         <input_file_ref idref="fl-f"/>
      </object_component>
      <object_component id="oc-46b">
         <name>.text:USB_handleClockEvent</name>
         <load_address>0x122a2</load_address>
         <run_address>0x122a2</run_address>
         <size>0x4</size>
         <input_file_ref idref="fl-f"/>
      </object_component>
      <object_component id="oc-875">
         <name>.text:USB_handleEnumerationCompleteEvent</name>
         <load_address>0x122a6</load_address>
         <run_address>0x122a6</run_address>
         <size>0x4</size>
         <input_file_ref idref="fl-f"/>
      </object_component>
      <object_component id="oc-44d">
         <name>.text:USB_handleResetEvent</name>
         <load_address>0x122aa</load_address>
         <run_address>0x122aa</run_address>
         <size>0x4</size>
         <input_file_ref idref="fl-f"/>
      </object_component>
      <object_component id="oc-435">
         <name>.text:USB_handleResumeEvent</name>
         <load_address>0x122ae</load_address>
         <run_address>0x122ae</run_address>
         <size>0x4</size>
         <input_file_ref idref="fl-f"/>
      </object_component>
      <object_component id="oc-441">
         <name>.text:USB_handleSuspendEvent</name>
         <load_address>0x122b2</load_address>
         <run_address>0x122b2</run_address>
         <size>0x4</size>
         <input_file_ref idref="fl-f"/>
      </object_component>
      <object_component id="oc-730">
         <name>.text:_system_post_cinit</name>
         <load_address>0x122b6</load_address>
         <run_address>0x122b6</run_address>
         <size>0x2</size>
         <input_file_ref idref="fl-83"/>
      </object_component>
      <object_component id="oc-3ae">
         <name>.text:_isr:iUsbInterruptHandler</name>
         <load_address>0x4400</load_address>
         <run_address>0x4400</run_address>
         <size>0x12a</size>
         <input_file_ref idref="fl-10"/>
      </object_component>
      <object_component id="oc-3ba">
         <name>.text:_isr:UNMI_ISR</name>
         <load_address>0x452a</load_address>
         <run_address>0x452a</run_address>
         <size>0x3e</size>
         <input_file_ref idref="fl-3"/>
      </object_component>
      <object_component id="oc-3d2">
         <name>.text:_isr:_c_int00_noargs</name>
         <load_address>0x4568</load_address>
         <run_address>0x4568</run_address>
         <size>0x1c</size>
         <input_file_ref idref="fl-7e"/>
      </object_component>
      <object_component id="oc-3b4">
         <name>.text:_isr:TIMER0_A0_ISR</name>
         <load_address>0x4584</load_address>
         <run_address>0x4584</run_address>
         <size>0xe</size>
         <input_file_ref idref="fl-3"/>
      </object_component>
      <object_component id="oc-3a9">
         <name>.text:_isr:__TI_ISR_TRAP</name>
         <load_address>0x4592</load_address>
         <run_address>0x4592</run_address>
         <size>0x8</size>
         <input_file_ref idref="fl-72"/>
      </object_component>
      <object_component id="oc-97b">
         <name>.cinit..data.load</name>
         <load_address>0x4804</load_address>
         <run_address>0x4804</run_address>
         <size>0x11</size>
      </object_component>
      <object_component id="oc-978">
         <name>__TI_handler_table</name>
         <load_address>0x4816</load_address>
         <run_address>0x4816</run_address>
         <size>0xc</size>
      </object_component>
      <object_component id="oc-97a">
         <name>.cinit..bss.load</name>
         <load_address>0x4822</load_address>
         <run_address>0x4822</run_address>
         <size>0x6</size>
      </object_component>
      <object_component id="oc-979">
         <name>__TI_cinit_table</name>
         <load_address>0x4828</load_address>
         <run_address>0x4828</run_address>
         <size>0x10</size>
      </object_component>
      <object_component id="oc-63a">
         <name>.const:tUsbRequestList</name>
         <load_address>0x459a</load_address>
         <run_address>0x459a</run_address>
         <size>0x10a</size>
         <input_file_ref idref="fl-11"/>
      </object_component>
      <object_component id="oc-86b">
         <name>.const:.string:abromStringDescriptor</name>
         <load_address>0x46a4</load_address>
         <run_address>0x46a4</run_address>
         <size>0x96</size>
         <input_file_ref idref="fl-11"/>
      </object_component>
      <object_component id="oc-867">
         <name>.const:abromConfigurationDescriptorGroup</name>
         <load_address>0x473a</load_address>
         <run_address>0x473a</run_address>
         <size>0x43</size>
         <input_file_ref idref="fl-11"/>
      </object_component>
      <object_component id="oc-662">
         <name>.const:.string</name>
         <load_address>0x477e</load_address>
         <run_address>0x477e</run_address>
         <size>0x22</size>
         <input_file_ref idref="fl-6"/>
      </object_component>
      <object_component id="oc-5cf">
         <name>.const:.string</name>
         <load_address>0x47a0</load_address>
         <run_address>0x47a0</run_address>
         <size>0x1c</size>
         <input_file_ref idref="fl-3"/>
      </object_component>
      <object_component id="oc-583">
         <name>.const:GPIO_PORT_TO_BASE</name>
         <load_address>0x47bc</load_address>
         <run_address>0x47bc</run_address>
         <size>0x1c</size>
         <input_file_ref idref="fl-20"/>
      </object_component>
      <object_component id="oc-863">
         <name>.const:.string:abromDeviceDescriptor</name>
         <load_address>0x47d8</load_address>
         <run_address>0x47d8</run_address>
         <size>0x12</size>
         <input_file_ref idref="fl-11"/>
      </object_component>
      <object_component id="oc-4f7">
         <name>.const:stUsbHandle</name>
         <load_address>0x47ea</load_address>
         <run_address>0x47ea</run_address>
         <size>0x10</size>
         <input_file_ref idref="fl-11"/>
      </object_component>
      <object_component id="oc-88d">
         <name>.const:$P$T0$1</name>
         <load_address>0x47fa</load_address>
         <run_address>0x47fa</run_address>
         <size>0xa</size>
         <input_file_ref idref="fl-7"/>
      </object_component>
      <object_component id="oc-90a">
         <name>.binit</name>
         <load_address>0x4400</load_address>
         <run_address>0x4400</run_address>
         <size>0x0</size>
      </object_component>
      <object_component id="oc-79">
         <name>.int41</name>
         <load_address>0xffd2</load_address>
         <run_address>0xffd2</run_address>
         <size>0x2</size>
         <input_file_ref idref="fl-5f"/>
      </object_component>
      <object_component id="oc-7a">
         <name>.int42</name>
         <load_address>0xffd4</load_address>
         <run_address>0xffd4</run_address>
         <size>0x2</size>
         <input_file_ref idref="fl-60"/>
      </object_component>
      <object_component id="oc-7b">
         <name>.int43</name>
         <load_address>0xffd6</load_address>
         <run_address>0xffd6</run_address>
         <size>0x2</size>
         <input_file_ref idref="fl-61"/>
      </object_component>
      <object_component id="oc-7c">
         <name>.int44</name>
         <load_address>0xffd8</load_address>
         <run_address>0xffd8</run_address>
         <size>0x2</size>
         <input_file_ref idref="fl-62"/>
      </object_component>
      <object_component id="oc-7d">
         <name>.int45</name>
         <load_address>0xffda</load_address>
         <run_address>0xffda</run_address>
         <size>0x2</size>
         <input_file_ref idref="fl-63"/>
      </object_component>
      <object_component id="oc-7e">
         <name>.int46</name>
         <load_address>0xffdc</load_address>
         <run_address>0xffdc</run_address>
         <size>0x2</size>
         <input_file_ref idref="fl-64"/>
      </object_component>
      <object_component id="oc-7f">
         <name>.int47</name>
         <load_address>0xffde</load_address>
         <run_address>0xffde</run_address>
         <size>0x2</size>
         <input_file_ref idref="fl-65"/>
      </object_component>
      <object_component id="oc-80">
         <name>.int48</name>
         <load_address>0xffe0</load_address>
         <run_address>0xffe0</run_address>
         <size>0x2</size>
         <input_file_ref idref="fl-66"/>
      </object_component>
      <object_component id="oc-81">
         <name>.int49</name>
         <load_address>0xffe2</load_address>
         <run_address>0xffe2</run_address>
         <size>0x2</size>
         <input_file_ref idref="fl-67"/>
      </object_component>
      <object_component id="oc-82">
         <name>.int50</name>
         <load_address>0xffe4</load_address>
         <run_address>0xffe4</run_address>
         <size>0x2</size>
         <input_file_ref idref="fl-68"/>
      </object_component>
      <object_component id="oc-83">
         <name>.int51</name>
         <load_address>0xffe6</load_address>
         <run_address>0xffe6</run_address>
         <size>0x2</size>
         <input_file_ref idref="fl-10"/>
      </object_component>
      <object_component id="oc-84">
         <name>.int52</name>
         <load_address>0xffe8</load_address>
         <run_address>0xffe8</run_address>
         <size>0x2</size>
         <input_file_ref idref="fl-69"/>
      </object_component>
      <object_component id="oc-85">
         <name>.int53</name>
         <load_address>0xffea</load_address>
         <run_address>0xffea</run_address>
         <size>0x2</size>
         <input_file_ref idref="fl-3"/>
      </object_component>
      <object_component id="oc-86">
         <name>.int54</name>
         <load_address>0xffec</load_address>
         <run_address>0xffec</run_address>
         <size>0x2</size>
         <input_file_ref idref="fl-6a"/>
      </object_component>
      <object_component id="oc-87">
         <name>.int55</name>
         <load_address>0xffee</load_address>
         <run_address>0xffee</run_address>
         <size>0x2</size>
         <input_file_ref idref="fl-6b"/>
      </object_component>
      <object_component id="oc-88">
         <name>.int56</name>
         <load_address>0xfff0</load_address>
         <run_address>0xfff0</run_address>
         <size>0x2</size>
         <input_file_ref idref="fl-6c"/>
      </object_component>
      <object_component id="oc-89">
         <name>.int57</name>
         <load_address>0xfff2</load_address>
         <run_address>0xfff2</run_address>
         <size>0x2</size>
         <input_file_ref idref="fl-6d"/>
      </object_component>
      <object_component id="oc-8a">
         <name>.int58</name>
         <load_address>0xfff4</load_address>
         <run_address>0xfff4</run_address>
         <size>0x2</size>
         <input_file_ref idref="fl-6e"/>
      </object_component>
      <object_component id="oc-8b">
         <name>.int59</name>
         <load_address>0xfff6</load_address>
         <run_address>0xfff6</run_address>
         <size>0x2</size>
         <input_file_ref idref="fl-6f"/>
      </object_component>
      <object_component id="oc-8c">
         <name>.int60</name>
         <load_address>0xfff8</load_address>
         <run_address>0xfff8</run_address>
         <size>0x2</size>
         <input_file_ref idref="fl-70"/>
      </object_component>
      <object_component id="oc-8d">
         <name>.int61</name>
         <load_address>0xfffa</load_address>
         <run_address>0xfffa</run_address>
         <size>0x2</size>
         <input_file_ref idref="fl-3"/>
      </object_component>
      <object_component id="oc-8e">
         <name>.int62</name>
         <load_address>0xfffc</load_address>
         <run_address>0xfffc</run_address>
         <size>0x2</size>
         <input_file_ref idref="fl-71"/>
      </object_component>
      <object_component id="oc-390">
         <name>.reset</name>
         <load_address>0xfffe</load_address>
         <run_address>0xfffe</run_address>
         <size>0x2</size>
         <input_file_ref idref="fl-7e"/>
      </object_component>
      <object_component id="oc-666">
         <name>.debug_info</name>
         <load_address>0x0</load_address>
         <run_address>0x0</run_address>
         <size>0x2b4</size>
         <input_file_ref idref="fl-2"/>
      </object_component>
      <object_component id="oc-59d">
         <name>.debug_info</name>
         <load_address>0x2b4</load_address>
         <run_address>0x2b4</run_address>
         <size>0x264</size>
         <input_file_ref idref="fl-2"/>
      </object_component>
      <object_component id="oc-5a3">
         <name>.debug_info</name>
         <load_address>0x518</load_address>
         <run_address>0x518</run_address>
         <size>0x1e0</size>
         <input_file_ref idref="fl-2"/>
      </object_component>
      <object_component id="oc-516">
         <name>.debug_info</name>
         <load_address>0x6f8</load_address>
         <run_address>0x6f8</run_address>
         <size>0x1da</size>
         <input_file_ref idref="fl-2"/>
      </object_component>
      <object_component id="oc-511">
         <name>.debug_info</name>
         <load_address>0x8d2</load_address>
         <run_address>0x8d2</run_address>
         <size>0x26b</size>
         <input_file_ref idref="fl-2"/>
      </object_component>
      <object_component id="oc-68f">
         <name>.debug_info</name>
         <load_address>0xb3d</load_address>
         <run_address>0xb3d</run_address>
         <size>0xb2</size>
         <input_file_ref idref="fl-2"/>
      </object_component>
      <object_component id="oc-646">
         <name>.debug_info</name>
         <load_address>0xbef</load_address>
         <run_address>0xbef</run_address>
         <size>0x392</size>
         <input_file_ref idref="fl-2"/>
      </object_component>
      <object_component id="oc-4d1">
         <name>.debug_info</name>
         <load_address>0xf81</load_address>
         <run_address>0xf81</run_address>
         <size>0x8b</size>
         <input_file_ref idref="fl-2"/>
      </object_component>
      <object_component id="oc-63e">
         <name>.debug_info</name>
         <load_address>0x100c</load_address>
         <run_address>0x100c</run_address>
         <size>0x282</size>
         <input_file_ref idref="fl-2"/>
      </object_component>
      <object_component id="oc-4df">
         <name>.debug_info</name>
         <load_address>0x128e</load_address>
         <run_address>0x128e</run_address>
         <size>0xbb</size>
         <input_file_ref idref="fl-2"/>
      </object_component>
      <object_component id="oc-520">
         <name>.debug_info</name>
         <load_address>0x1349</load_address>
         <run_address>0x1349</run_address>
         <size>0xb2e</size>
         <input_file_ref idref="fl-2"/>
      </object_component>
      <object_component id="oc-4ea">
         <name>.debug_info</name>
         <load_address>0x1e77</load_address>
         <run_address>0x1e77</run_address>
         <size>0x7bd</size>
         <input_file_ref idref="fl-3"/>
      </object_component>
      <object_component id="oc-526">
         <name>.debug_info</name>
         <load_address>0x2634</load_address>
         <run_address>0x2634</run_address>
         <size>0x175</size>
         <input_file_ref idref="fl-3"/>
      </object_component>
      <object_component id="oc-5c1">
         <name>.debug_info</name>
         <load_address>0x27a9</load_address>
         <run_address>0x27a9</run_address>
         <size>0xf9</size>
         <input_file_ref idref="fl-3"/>
      </object_component>
      <object_component id="oc-6d8">
         <name>.debug_info</name>
         <load_address>0x28a2</load_address>
         <run_address>0x28a2</run_address>
         <size>0xff</size>
         <input_file_ref idref="fl-3"/>
      </object_component>
      <object_component id="oc-5cb">
         <name>.debug_info</name>
         <load_address>0x29a1</load_address>
         <run_address>0x29a1</run_address>
         <size>0x1d3</size>
         <input_file_ref idref="fl-3"/>
      </object_component>
      <object_component id="oc-5a9">
         <name>.debug_info</name>
         <load_address>0x2b74</load_address>
         <run_address>0x2b74</run_address>
         <size>0x158</size>
         <input_file_ref idref="fl-3"/>
      </object_component>
      <object_component id="oc-4ad">
         <name>.debug_info</name>
         <load_address>0x2ccc</load_address>
         <run_address>0x2ccc</run_address>
         <size>0x30e</size>
         <input_file_ref idref="fl-3"/>
      </object_component>
      <object_component id="oc-3bc">
         <name>.debug_info</name>
         <load_address>0x2fda</load_address>
         <run_address>0x2fda</run_address>
         <size>0x17b</size>
         <input_file_ref idref="fl-3"/>
      </object_component>
      <object_component id="oc-3b6">
         <name>.debug_info</name>
         <load_address>0x3155</load_address>
         <run_address>0x3155</run_address>
         <size>0x148</size>
         <input_file_ref idref="fl-3"/>
      </object_component>
      <object_component id="oc-50c">
         <name>.debug_info</name>
         <load_address>0x329d</load_address>
         <run_address>0x329d</run_address>
         <size>0x167</size>
         <input_file_ref idref="fl-3"/>
      </object_component>
      <object_component id="oc-406">
         <name>.debug_info</name>
         <load_address>0x3404</load_address>
[...]
      </symbol>
      <symbol id="sm-772">
         <name>USBCDC_handleReceiveCompleted</name>
         <value>0x12292</value>
         <object_component_ref idref="oc-52f"/>
      </symbol>
      <symbol id="sm-773">
         <name>USB_handleEnumerationCompleteEvent</name>
         <value>0x122a6</value>
         <object_component_ref idref="oc-875"/>
      </symbol>
      <symbol id="sm-774">
         <name>USB_handleResetEvent</name>
         <value>0x122aa</value>
         <object_component_ref idref="oc-44d"/>
      </symbol>
      <symbol id="sm-775">
         <name>USBCDC_handleSendCompleted</name>
         <value>0x12296</value>
         <object_component_ref idref="oc-565"/>
      </symbol>
      <symbol id="sm-776">
         <name>USB_handleVbusOffEvent</name>
         <value>0x12254</value>
         <object_component_ref idref="oc-459"/>
      </symbol>
      <symbol id="sm-777">
         <name>USBCDC_handleSetLineCoding</name>
         <value>0x1229e</value>
         <object_component_ref idref="oc-69b"/>
      </symbol>
      <symbol id="sm-778">
         <name>USB_handleResumeEvent</name>
         <value>0x122ae</value>
         <object_component_ref idref="oc-435"/>
      </symbol>
      <symbol id="sm-779">
         <name>USB_handleClockEvent</name>
         <value>0x122a2</value>
         <object_component_ref idref="oc-46b"/>
      </symbol>
      <symbol id="sm-7cf">
         <name>IEP0InterruptHandler</name>
         <value>0x11fae</value>
         <object_component_ref idref="oc-47d"/>
      </symbol>
      <symbol id="sm-7d0">
         <name>OEP0InterruptHandler</name>
         <value>0x11b8c</value>
         <object_component_ref idref="oc-477"/>
      </symbol>
      <symbol id="sm-7d1">
         <name>__TI_int51</name>
         <value>0xffe6</value>
         <object_component_ref idref="oc-83"/>
      </symbol>
      <symbol id="sm-7d2">
         <name>PWRVBUSonHandler</name>
         <value>0x11666</value>
         <object_component_ref idref="oc-45f"/>
      </symbol>
      <symbol id="sm-7d3">
         <name>SetupPacketInterruptHandler</name>
         <value>0x119fe</value>
         <object_component_ref idref="oc-40e"/>
      </symbol>
      <symbol id="sm-7d4">
         <name>PWRVBUSoffHandler</name>
         <value>0x11386</value>
         <object_component_ref idref="oc-453"/>
      </symbol>
      <symbol id="sm-7d5">
         <name>iUsbInterruptHandler</name>
         <value>0x4400</value>
         <object_component_ref idref="oc-3ae"/>
      </symbol>
      <symbol id="sm-7f4">
         <name>abromConfigurationDescriptorGroup</name>
         <value>0x473a</value>
         <object_component_ref idref="oc-867"/>
      </symbol>
      <symbol id="sm-7f5">
         <name>tUsbRequestList</name>
         <value>0x459a</value>
         <object_component_ref idref="oc-63a"/>
      </symbol>
      <symbol id="sm-7f6">
         <name>abromDeviceDescriptor</name>
         <value>0x47d8</value>
         <object_component_ref idref="oc-863"/>
      </symbol>
      <symbol id="sm-7f7">
         <name>abromStringDescriptor</name>
         <value>0x46a4</value>
         <object_component_ref idref="oc-86b"/>
      </symbol>
      <symbol id="sm-7f8">
         <name>stUsbHandle</name>
         <value>0x47ea</value>
         <object_component_ref idref="oc-4f7"/>
      </symbol>
      <symbol id="sm-84d">
         <name>DMA_setSrcAddress</name>
         <value>0x11e2c</value>
         <object_component_ref idref="oc-8cb"/>
      </symbol>
      <symbol id="sm-84e">
         <name>DMA_disableTransferDuringReadModifyWrite</name>
         <value>0x1225c</value>
         <object_component_ref idref="oc-8c5"/>
      </symbol>
      <symbol id="sm-84f">
         <name>DMA_setDstAddress</name>
         <value>0x11db4</value>
         <object_component_ref idref="oc-8d1"/>
      </symbol>
      <symbol id="sm-850">
         <name>DMA_enableTransfers</name>
         <value>0x121be</value>
         <object_component_ref idref="oc-8e3"/>
      </symbol>
      <symbol id="sm-851">
         <name>DMA_disableTransfers</name>
         <value>0x121ae</value>
         <object_component_ref idref="oc-8f5"/>
      </symbol>
      <symbol id="sm-852">
         <name>DMA_startTransfer</name>
         <value>0x121dc</value>
         <object_component_ref idref="oc-8e9"/>
      </symbol>
      <symbol id="sm-853">
         <name>DMA_setTransferSize</name>
         <value>0x12206</value>
         <object_component_ref idref="oc-8dd"/>
      </symbol>
      <symbol id="sm-854">
         <name>DMA_getInterruptStatus</name>
         <value>0x121ce</value>
         <object_component_ref idref="oc-8ef"/>
      </symbol>
      <symbol id="sm-855">
         <name>DMA_enableTransferDuringReadModifyWrite</name>
         <value>0x12262</value>
         <object_component_ref idref="oc-8d7"/>
      </symbol>
      <symbol id="sm-856">
         <name>DMA_init</name>
         <value>0x11604</value>
         <object_component_ref idref="oc-896"/>
      </symbol>
      <symbol id="sm-88e">
         <name>GPIO_setOutputHighOnPin</name>
         <value>0x11f5a</value>
         <object_component_ref idref="oc-5e2"/>
      </symbol>
      <symbol id="sm-88f">
         <name>GPIO_setAsOutputPin</name>
         <value>0x11ddc</value>
         <object_component_ref idref="oc-6b9"/>
      </symbol>
      <symbol id="sm-890">
         <name>GPIO_setOutputLowOnPin</name>
         <value>0x11f76</value>
         <object_component_ref idref="oc-5dc"/>
      </symbol>
      <symbol id="sm-891">
         <name>GPIO_toggleOutputOnPin</name>
         <value>0x11f92</value>
         <object_component_ref idref="oc-484"/>
      </symbol>
      <symbol id="sm-892">
         <name>GPIO_setAsPeripheralModuleFunctionOutputPin</name>
         <value>0x11e04</value>
         <object_component_ref idref="oc-66c"/>
      </symbol>
      <symbol id="sm-8c0">
         <name>PMM_setVCore</name>
         <value>0x119b4</value>
         <object_component_ref idref="oc-596"/>
      </symbol>
      <symbol id="sm-8c1">
         <name>PMM_setVCoreDown</name>
         <value>0x10efe</value>
         <object_component_ref idref="oc-6ac"/>
      </symbol>
      <symbol id="sm-8c2">
         <name>PMM_setVCoreUp</name>
         <value>0x10980</value>
         <object_component_ref idref="oc-6b2"/>
      </symbol>
      <symbol id="sm-8d4">
         <name>SFR_clearInterrupt</name>
         <value>0x12268</value>
         <object_component_ref idref="oc-497"/>
      </symbol>
      <symbol id="sm-8f3">
         <name>Timer_A_initUpMode</name>
         <value>0x11226</value>
         <object_component_ref idref="oc-6e0"/>
      </symbol>
      <symbol id="sm-8f4">
         <name>Timer_A_stop</name>
         <value>0x1223c</value>
         <object_component_ref idref="oc-5d6"/>
      </symbol>
      <symbol id="sm-8f5">
         <name>Timer_A_clearTimerInterrupt</name>
         <value>0x1226e</value>
         <object_component_ref idref="oc-6da"/>
      </symbol>
      <symbol id="sm-90a">
         <name>TLV_getInfo</name>
         <value>0x118d0</value>
         <object_component_ref idref="oc-886"/>
      </symbol>
      <symbol id="sm-957">
         <name>UCS_initClockSignal</name>
         <value>0x11022</value>
         <object_component_ref idref="oc-6c0"/>
      </symbol>
      <symbol id="sm-958">
         <name>UCS_initFLLSettle</name>
         <value>0x11c64</value>
         <object_component_ref idref="oc-6d0"/>
      </symbol>
      <symbol id="sm-959">
         <name>UCS_clearFaultFlag</name>
         <value>0x12274</value>
         <object_component_ref idref="oc-491"/>
      </symbol>
      <symbol id="sm-95a">
         <name>UCS_initFLL</name>
         <value>0x107d0</value>
         <object_component_ref idref="oc-7d7"/>
      </symbol>
      <symbol id="sm-95b">
         <name>UCS_turnOffXT2</name>
         <value>0x12244</value>
         <object_component_ref idref="oc-53e"/>
      </symbol>
      <symbol id="sm-95c">
         <name>UCS_turnOnXT2WithTimeout</name>
         <value>0x11a92</value>
         <object_component_ref idref="oc-672"/>
      </symbol>
      <symbol id="sm-969">
         <name>WDT_A_hold</name>
         <value>0x12036</value>
         <object_component_ref idref="oc-590"/>
      </symbol>
      <symbol id="sm-974">
         <name>__mspabi_remu</name>
         <value>0x120e4</value>
         <object_component_ref idref="oc-680"/>
      </symbol>
      <symbol id="sm-975">
         <name>__mspabi_divu</name>
         <value>0x120e4</value>
         <object_component_ref idref="oc-680"/>
      </symbol>
      <symbol id="sm-984">
         <name>__mspabi_remul</name>
         <value>0x11782</value>
         <object_component_ref idref="oc-6c6"/>
      </symbol>
      <symbol id="sm-985">
         <name>__mspabi_divul</name>
         <value>0x11782</value>
         <object_component_ref idref="oc-6c6"/>
      </symbol>
      <symbol id="sm-988">
         <name>__TI_int41</name>
         <value>0xffd2</value>
         <object_component_ref idref="oc-79"/>
      </symbol>
      <symbol id="sm-98b">
         <name>__TI_int42</name>
         <value>0xffd4</value>
         <object_component_ref idref="oc-7a"/>
      </symbol>
      <symbol id="sm-98e">
         <name>__TI_int43</name>
         <value>0xffd6</value>
         <object_component_ref idref="oc-7b"/>
      </symbol>
      <symbol id="sm-991">
         <name>__TI_int44</name>
         <value>0xffd8</value>
         <object_component_ref idref="oc-7c"/>
      </symbol>
      <symbol id="sm-994">
         <name>__TI_int45</name>
         <value>0xffda</value>
         <object_component_ref idref="oc-7d"/>
      </symbol>
      <symbol id="sm-997">
         <name>__TI_int46</name>
         <value>0xffdc</value>
         <object_component_ref idref="oc-7e"/>
      </symbol>
      <symbol id="sm-99a">
         <name>__TI_int47</name>
         <value>0xffde</value>
         <object_component_ref idref="oc-7f"/>
      </symbol>
      <symbol id="sm-99d">
         <name>__TI_int48</name>
         <value>0xffe0</value>
         <object_component_ref idref="oc-80"/>
      </symbol>
      <symbol id="sm-9a0">
         <name>__TI_int49</name>
         <value>0xffe2</value>
         <object_component_ref idref="oc-81"/>
      </symbol>
      <symbol id="sm-9a3">
         <name>__TI_int50</name>
         <value>0xffe4</value>
         <object_component_ref idref="oc-82"/>
      </symbol>
      <symbol id="sm-9a6">
         <name>__TI_int52</name>
         <value>0xffe8</value>
         <object_component_ref idref="oc-84"/>
      </symbol>
      <symbol id="sm-9a9">
         <name>__TI_int54</name>
         <value>0xffec</value>
         <object_component_ref idref="oc-86"/>
      </symbol>
      <symbol id="sm-9ac">
         <name>__TI_int55</name>
         <value>0xffee</value>
         <object_component_ref idref="oc-87"/>
      </symbol>
      <symbol id="sm-9af">
         <name>__TI_int56</name>
         <value>0xfff0</value>
         <object_component_ref idref="oc-88"/>
      </symbol>
      <symbol id="sm-9b2">
         <name>__TI_int57</name>
         <value>0xfff2</value>
         <object_component_ref idref="oc-89"/>
      </symbol>
      <symbol id="sm-9b5">
         <name>__TI_int58</name>
         <value>0xfff4</value>
         <object_component_ref idref="oc-8a"/>
      </symbol>
      <symbol id="sm-9b8">
         <name>__TI_int59</name>
         <value>0xfff6</value>
         <object_component_ref idref="oc-8b"/>
      </symbol>
      <symbol id="sm-9bb">
         <name>__TI_int60</name>
         <value>0xfff8</value>
         <object_component_ref idref="oc-8c"/>
      </symbol>
      <symbol id="sm-9be">
         <name>__TI_int62</name>
         <value>0xfffc</value>
         <object_component_ref idref="oc-8e"/>
      </symbol>
      <symbol id="sm-9c6">
         <name>__TI_ISR_TRAP</name>
         <value>0x4592</value>
         <object_component_ref idref="oc-3a9"/>
      </symbol>
      <symbol id="sm-9cf">
         <name>__mspabi_slli</name>
         <value>0x12228</value>
         <object_component_ref idref="oc-65c"/>
      </symbol>
      <symbol id="sm-9d7">
         <name>__mspabi_slll_9</name>
         <value>0x11b28</value>
         <object_component_ref idref="oc-696"/>
      </symbol>
      <symbol id="sm-9d8">
         <name>__mspabi_slll_8</name>
         <value>0x11b2c</value>
         <object_component_ref idref="oc-696"/>
      </symbol>
      <symbol id="sm-9d9">
         <name>__mspabi_slll_7</name>
         <value>0x11b30</value>
         <object_component_ref idref="oc-696"/>
      </symbol>
      <symbol id="sm-9da">
         <name>__mspabi_slll_6</name>
         <value>0x11b34</value>
         <object_component_ref idref="oc-696"/>
      </symbol>
      <symbol id="sm-9db">
         <name>__mspabi_slll_5</name>
         <value>0x11b38</value>
         <object_component_ref idref="oc-696"/>
      </symbol>
      <symbol id="sm-9dc">
         <name>__mspabi_slll_4</name>
         <value>0x11b3c</value>
         <object_component_ref idref="oc-696"/>
      </symbol>
      <symbol id="sm-9dd">
         <name>__mspabi_slll_3</name>
         <value>0x11b40</value>
         <object_component_ref idref="oc-696"/>
      </symbol>
      <symbol id="sm-9de">
         <name>__mspabi_slll_2</name>
         <value>0x11b44</value>
         <object_component_ref idref="oc-696"/>
      </symbol>
      <symbol id="sm-9df">
         <name>__mspabi_slll_1</name>
         <value>0x11b48</value>
         <object_component_ref idref="oc-696"/>
      </symbol>
      <symbol id="sm-9e0">
         <name>__mspabi_slll_15</name>
         <value>0x11b10</value>
         <object_component_ref idref="oc-696"/>
      </symbol>
      <symbol id="sm-9e1">
         <name>__mspabi_slll_14</name>
         <value>0x11b14</value>
         <object_component_ref idref="oc-696"/>
      </symbol>
      <symbol id="sm-9e2">
         <name>__mspabi_slll_13</name>
         <value>0x11b18</value>
         <object_component_ref idref="oc-696"/>
      </symbol>
      <symbol id="sm-9e3">
         <name>__mspabi_slll_12</name>
         <value>0x11b1c</value>
         <object_component_ref idref="oc-696"/>
      </symbol>
      <symbol id="sm-9e4">
         <name>__mspabi_slll_11</name>
         <value>0x11b20</value>
         <object_component_ref idref="oc-696"/>
      </symbol>
      <symbol id="sm-9e5">
         <name>__mspabi_slll_10</name>
         <value>0x11b24</value>
         <object_component_ref idref="oc-696"/>
      </symbol>
      <symbol id="sm-9ee">
         <name>__mspabi_srli</name>
         <value>0x12232</value>
         <object_component_ref idref="oc-685"/>
      </symbol>
      <symbol id="sm-9f6">
         <name>__mspabi_srll_8</name>
         <value>0x11b6a</value>
         <object_component_ref idref="oc-6cb"/>
      </symbol>
      <symbol id="sm-9f7">
         <name>__mspabi_srll_9</name>
         <value>0x11b66</value>
         <object_component_ref idref="oc-6cb"/>
      </symbol>
      <symbol id="sm-9f8">
         <name>__mspabi_srll_6</name>
         <value>0x11b72</value>
         <object_component_ref idref="oc-6cb"/>
      </symbol>
      <symbol id="sm-9f9">
         <name>__mspabi_srll_7</name>
         <value>0x11b6e</value>
         <object_component_ref idref="oc-6cb"/>
      </symbol>
      <symbol id="sm-9fa">
         <name>__mspabi_srll_4</name>
         <value>0x11b7a</value>
         <object_component_ref idref="oc-6cb"/>
      </symbol>
      <symbol id="sm-9fb">
         <name>__mspabi_srll_5</name>
         <value>0x11b76</value>
         <object_component_ref idref="oc-6cb"/>
      </symbol>
      <symbol id="sm-9fc">
         <name>__mspabi_srll_2</name>
         <value>0x11b82</value>
         <object_component_ref idref="oc-6cb"/>
      </symbol>
      <symbol id="sm-9fd">
         <name>__mspabi_srll_3</name>
         <value>0x11b7e</value>
         <object_component_ref idref="oc-6cb"/>
      </symbol>
      <symbol id="sm-9fe">
         <name>__mspabi_srll_1</name>
         <value>0x11b86</value>
         <object_component_ref idref="oc-6cb"/>
      </symbol>
      <symbol id="sm-9ff">
         <name>__mspabi_srll_15</name>
         <value>0x11b4e</value>
         <object_component_ref idref="oc-6cb"/>
      </symbol>
      <symbol id="sm-a00">
         <name>__mspabi_srll_14</name>
         <value>0x11b52</value>
         <object_component_ref idref="oc-6cb"/>
      </symbol>
      <symbol id="sm-a01">
         <name>__mspabi_srll_13</name>
         <value>0x11b56</value>
         <object_component_ref idref="oc-6cb"/>
      </symbol>
      <symbol id="sm-a02">
         <name>__mspabi_srll_12</name>
         <value>0x11b5a</value>
         <object_component_ref idref="oc-6cb"/>
      </symbol>
      <symbol id="sm-a03">
         <name>__mspabi_srll_11</name>
         <value>0x11b5e</value>
         <object_component_ref idref="oc-6cb"/>
      </symbol>
      <symbol id="sm-a04">
         <name>__mspabi_srll_10</name>
         <value>0x11b62</value>
         <object_component_ref idref="oc-6cb"/>
      </symbol>
      <symbol id="sm-a0d">
         <name>__mspabi_mpyi_f5hw</name>
         <value>0x120b6</value>
         <object_component_ref idref="oc-4e4"/>
      </symbol>
      <symbol id="sm-a22">
         <name>_stack</name>
         <value>0x4360</value>
         <object_component_ref idref="oc-38d"/>
      </symbol>
      <symbol id="sm-a23">
         <name>_c_int00_noargs</name>
         <value>0x4568</value>
         <object_component_ref idref="oc-3d2"/>
      </symbol>
      <symbol id="sm-a24">
         <name>_reset_vector</name>
         <value>0xfffe</value>
         <object_component_ref idref="oc-390"/>
      </symbol>
      <symbol id="sm-a47">
         <name>__TI_auto_init_nobinit_nopinit_hold_wdt</name>
         <value>0x117da</value>
         <object_component_ref idref="oc-61f"/>
      </symbol>
      <symbol id="sm-a5a">
         <name>__TI_zero_init_nomemset</name>
         <value>0x11e52</value>
         <object_component_ref idref="oc-3c0"/>
      </symbol>
      <symbol id="sm-a65">
         <name>_system_post_cinit</name>
         <value>0x122b6</value>
         <object_component_ref idref="oc-730"/>
      </symbol>
      <symbol id="sm-a76">
         <name>__TI_decompress_none</name>
         <value>0x1218a</value>
         <object_component_ref idref="oc-73"/>
      </symbol>
      <symbol id="sm-a99">
         <name>__TI_decompress_lzss</name>
         <value>0x1129c</value>
         <object_component_ref idref="oc-6d"/>
      </symbol>
      <symbol id="sm-aa3">
         <name>C$$EXIT</name>
         <value>0x12280</value>
         <object_component_ref idref="oc-5fb"/>
      </symbol>
      <symbol id="sm-aa4">
         <name>abort</name>
         <value>0x12280</value>
         <object_component_ref idref="oc-5fb"/>
      </symbol>
      <symbol id="sm-ab4">
         <name>memcpy</name>
         <value>0x1213a</value>
         <object_component_ref idref="oc-39c"/>
      </symbol>
      <symbol id="sm-ac2">
         <name>memset</name>
         <value>0x120ce</value>
         <object_component_ref idref="oc-5b4"/>
      </symbol>
      <symbol id="sm-ad1">
         <name>strcat</name>
         <value>0x11f00</value>
         <object_component_ref idref="oc-5c3"/>
      </symbol>
      <symbol id="sm-adf">
         <name>strcmp</name>
         <value>0x11fe6</value>
         <object_component_ref idref="oc-5d0"/>
      </symbol>
      <symbol id="sm-aec">
         <name>strlen</name>
         <value>0x121ea</value>
         <object_component_ref idref="oc-5e8"/>
      </symbol>
      <symbol id="sm-afc">
         <name>strncpy</name>
         <value>0x11cc8</value>
         <object_component_ref idref="oc-701"/>
      </symbol>
   </symbol_table>
   <title>Link successful</title>
</link_info>
